[06:31:21] ======================================================================
[06:31:21] INTRINSIC COMPRESSIBILITY EXPERIMENTS
[06:31:21] ======================================================================
[06:31:21] Frame: 1920x1080
[06:31:21] CRF values: [0, 10, 18, 23, 28]
[06:31:21] 
######################################################################
[06:31:21] # KAGGLE DATASET (D=16)
[06:31:21] ######################################################################
[06:31:21] Loading Kaggle model from ./models/dlrm_kaggle_correct.pt...
[06:31:22]   26 tables, D=16, 8 large (>50000 rows)
[06:31:22]     Table 2: 10,131,227 rows
[06:31:22]     Table 3: 2,202,608 rows
[06:31:22]     Table 9: 93,145 rows
[06:31:22]     Table 11: 8,351,593 rows
[06:31:22]     Table 15: 5,461,306 rows
[06:31:22]     Table 20: 7,046,547 rows
[06:31:22]     Table 23: 286,181 rows
[06:31:22]     Table 25: 142,572 rows
[06:31:22] 
======================================================================
[06:31:22] EXPERIMENT 3: Intrinsic Compressibility (Kaggle, D=16)
[06:31:22] ======================================================================
[06:31:25] 
  Table 2: 10,131,227 rows, D=16
[06:31:25]     Entropy: 0.17 bits/byte (max 8.0)
[06:31:25]     uint8 distribution: mean=135.0, std=0.2, median=135, unique=153/256
[06:31:25]     100.0% of values within ±16 of mean
[06:31:25]     SVD effective rank: 13.5 / 16
[06:31:25]     Dims for 90% var: 11, 95%: 14, 99%: 16 (of 16)
[06:31:25]     Top-1 component: 55.1% of variance
[06:31:25]     Row norms: mean=0.0010, std=0.0012
[06:31:25]     Near-zero rows (norm<0.01): 99.8%
[06:31:26] 
  Table 3: 2,202,608 rows, D=16
[06:31:26]     Entropy: 0.43 bits/byte (max 8.0)
[06:31:26]     uint8 distribution: mean=156.0, std=0.6, median=156, unique=146/256
[06:31:26]     100.0% of values within ±16 of mean
[06:31:26]     SVD effective rank: 11.4 / 16
[06:31:26]     Dims for 90% var: 6, 95%: 9, 99%: 14 (of 16)
[06:31:26]     Top-1 component: 73.0% of variance
[06:31:26]     Row norms: mean=0.0027, std=0.0049
[06:31:26]     Near-zero rows (norm<0.01): 98.0%
[06:31:26] 
  Table 9: 93,145 rows, D=16
[06:31:26]     Entropy: 2.52 bits/byte (max 8.0)
[06:31:26]     uint8 distribution: mean=161.0, std=2.4, median=161, unique=168/256
[06:31:26]     99.6% of values within ±16 of mean
[06:31:26]     SVD effective rank: 12.7 / 16
[06:31:26]     Dims for 90% var: 9, 95%: 12, 99%: 16 (of 16)
[06:31:26]     Top-1 component: 62.3% of variance
[06:31:26]     Row norms: mean=0.0113, std=0.0144
[06:31:26]     Near-zero rows (norm<0.01): 80.7%
[06:31:29] 
  Table 11: 8,351,593 rows, D=16
[06:31:29]     Entropy: 0.15 bits/byte (max 8.0)
[06:31:29]     uint8 distribution: mean=157.0, std=0.2, median=157, unique=133/256
[06:31:29]     100.0% of values within ±16 of mean
[06:31:29]     SVD effective rank: 12.4 / 16
[06:31:29]     Dims for 90% var: 8, 95%: 12, 99%: 15 (of 16)
[06:31:29]     Top-1 component: 66.7% of variance
[06:31:29]     Row norms: mean=0.0013, std=0.0019
[06:31:29]     Near-zero rows (norm<0.01): 99.7%
[06:31:31] 
  Table 15: 5,461,306 rows, D=16
[06:31:31]     Entropy: 0.48 bits/byte (max 8.0)
[06:31:31]     uint8 distribution: mean=126.0, std=0.5, median=126, unique=181/256
[06:31:31]     100.0% of values within ±16 of mean
[06:31:31]     SVD effective rank: 12.0 / 16
[06:31:31]     Dims for 90% var: 7, 95%: 10, 99%: 15 (of 16)
[06:31:31]     Top-1 component: 66.0% of variance
[06:31:31]     Row norms: mean=0.0017, std=0.0027
[06:31:31]     Near-zero rows (norm<0.01): 99.3%
[06:31:33] 
  Table 20: 7,046,547 rows, D=16
[06:31:33]     Entropy: 0.13 bits/byte (max 8.0)
[06:31:33]     uint8 distribution: mean=144.0, std=0.2, median=144, unique=172/256
[06:31:33]     100.0% of values within ±16 of mean
[06:31:33]     SVD effective rank: 14.3 / 16
[06:31:33]     Dims for 90% var: 12, 95%: 14, 99%: 16 (of 16)
[06:31:33]     Top-1 component: 45.5% of variance
[06:31:33]     Row norms: mean=0.0010, std=0.0011
[06:31:33]     Near-zero rows (norm<0.01): 99.9%
[06:31:34] 
  Table 23: 286,181 rows, D=16
[06:31:34]     Entropy: 0.69 bits/byte (max 8.0)
[06:31:34]     uint8 distribution: mean=173.0, std=0.8, median=173, unique=113/256
[06:31:34]     100.0% of values within ±16 of mean
[06:31:34]     SVD effective rank: 12.3 / 16
[06:31:34]     Dims for 90% var: 8, 95%: 11, 99%: 15 (of 16)
[06:31:34]     Top-1 component: 65.8% of variance
[06:31:34]     Row norms: mean=0.0068, std=0.0114
[06:31:34]     Near-zero rows (norm<0.01): 92.2%
[06:31:34] 
  Table 25: 142,572 rows, D=16
[06:31:34]     Entropy: 2.12 bits/byte (max 8.0)
[06:31:34]     uint8 distribution: mean=138.0, std=1.9, median=138, unique=171/256
[06:31:34]     99.8% of values within ±16 of mean
[06:31:34]     SVD effective rank: 12.5 / 16
[06:31:34]     Dims for 90% var: 8, 95%: 11, 99%: 15 (of 16)
[06:31:34]     Top-1 component: 63.4% of variance
[06:31:34]     Row norms: mean=0.0099, std=0.0143
[06:31:34]     Near-zero rows (norm<0.01): 84.6%
[06:31:34] 
======================================================================
[06:31:34] EXPERIMENT 2: Spatial Smoothness (Kaggle, D=16)
[06:31:34] ======================================================================
[06:31:34]   Table 2 [natural             ]: TV=0.9555, row-L2=11.01, col_std=3.57
[06:31:34]   Table 2 [random              ]: TV=0.0791, row-L2=0.45, col_std=0.28
[06:31:35]   Table 2 [frequency           ]: TV=1.8675, row-L2=22.93, col_std=5.54
[06:31:37]   Table 2 [reverse_frequency   ]: TV=0.0000, row-L2=0.00, col_std=0.00
[06:31:37]   Table 3 [natural             ]: TV=1.8803, row-L2=19.80, col_std=4.88
[06:31:37]   Table 3 [random              ]: TV=0.2748, row-L2=1.18, col_std=0.51
[06:31:37]   Table 3 [frequency           ]: TV=2.2794, row-L2=29.84, col_std=6.79
[06:31:37]   Table 3 [reverse_frequency   ]: TV=0.0003, row-L2=0.00, col_std=0.00
[06:31:37]   Table 9 [natural             ]: TV=2.4289, row-L2=25.62, col_std=6.13
[06:31:37]   Table 9 [random              ]: TV=2.4818, row-L2=9.00, col_std=2.35
[06:31:37]   Table 9 [frequency           ]: TV=2.3373, row-L2=24.83, col_std=6.52
[06:31:37]   Table 9 [reverse_frequency   ]: TV=2.3283, row-L2=4.75, col_std=0.85
[06:31:37]   Table 11 [natural             ]: TV=0.9535, row-L2=10.75, col_std=3.33
[06:31:38]   Table 11 [random              ]: TV=0.0740, row-L2=0.36, col_std=0.20
[06:31:39]   Table 11 [frequency           ]: TV=1.7148, row-L2=21.33, col_std=5.06
[06:31:40]   Table 11 [reverse_frequency   ]: TV=0.0000, row-L2=0.00, col_std=0.00
[06:31:40]   Table 15 [natural             ]: TV=2.1699, row-L2=21.97, col_std=5.94
[06:31:40]   Table 15 [random              ]: TV=0.2929, row-L2=1.33, col_std=0.50
[06:31:41]   Table 15 [frequency           ]: TV=3.2220, row-L2=38.64, col_std=8.86
[06:31:41]   Table 15 [reverse_frequency   ]: TV=0.0002, row-L2=0.00, col_std=0.00
[06:31:41]   Table 20 [natural             ]: TV=0.8936, row-L2=10.60, col_std=3.75
[06:31:41]   Table 20 [random              ]: TV=0.0621, row-L2=0.31, col_std=0.18
[06:31:42]   Table 20 [frequency           ]: TV=1.6091, row-L2=19.12, col_std=4.96
[06:31:43]   Table 20 [reverse_frequency   ]: TV=0.0001, row-L2=0.00, col_std=0.00
[06:31:43]   Table 23 [natural             ]: TV=0.9755, row-L2=14.12, col_std=3.48
[06:31:43]   Table 23 [random              ]: TV=0.5232, row-L2=1.93, col_std=0.70
[06:31:43]   Table 23 [frequency           ]: TV=0.9233, row-L2=16.32, col_std=4.02
[06:31:43]   Table 23 [reverse_frequency   ]: TV=0.0594, row-L2=0.14, col_std=0.07
[06:31:43]   Table 25 [natural             ]: TV=2.4693, row-L2=23.27, col_std=5.75
[06:31:43]   Table 25 [random              ]: TV=2.4439, row-L2=7.03, col_std=1.87
[06:31:43]   Table 25 [frequency           ]: TV=2.3849, row-L2=25.24, col_std=6.48
[06:31:43]   Table 25 [reverse_frequency   ]: TV=1.7402, row-L2=3.45, col_std=0.62
[06:31:43] 
======================================================================
[06:31:43] EXPERIMENT 4: Random Data Baseline (Kaggle, D=16)
[06:31:43] ======================================================================
[06:31:44]   Table 2 CRF= 0: real=249KB (8.1x), uniform=2701KB (0.7x), gaussian=723KB (2.8x), row_shuf=254KB (8.0x), col_shuf=269KB (7.5x)
[06:31:45]   Table 2 CRF=10: real=256KB (7.9x), uniform=2338KB (0.9x), gaussian=542KB (3.7x), row_shuf=298KB (6.8x), col_shuf=471KB (4.3x)
[06:31:46]   Table 2 CRF=18: real=82KB (24.6x), uniform=1822KB (1.1x), gaussian=175KB (11.6x), row_shuf=94KB (21.5x), col_shuf=131KB (15.4x)
[06:31:46]   Table 2 CRF=23: real=33KB (61.5x), uniform=1552KB (1.3x), gaussian=19KB (104.2x), row_shuf=35KB (58.7x), col_shuf=25KB (81.1x)
[06:31:47]   Table 2 CRF=28: real=12KB (170.0x), uniform=1296KB (1.6x), gaussian=6KB (319.6x), row_shuf=11KB (182.8x), col_shuf=4KB (482.9x)
[06:31:48]   Table 3 CRF= 0: real=424KB (4.8x), uniform=2701KB (0.7x), gaussian=842KB (2.4x), row_shuf=437KB (4.6x), col_shuf=449KB (4.5x)
[06:31:48]   Table 3 CRF=10: real=405KB (5.0x), uniform=2338KB (0.9x), gaussian=676KB (3.0x), row_shuf=492KB (4.1x), col_shuf=645KB (3.1x)
[06:31:49]   Table 3 CRF=18: real=151KB (13.4x), uniform=1821KB (1.1x), gaussian=299KB (6.8x), row_shuf=189KB (10.7x), col_shuf=273KB (7.4x)
[06:31:50]   Table 3 CRF=23: real=66KB (30.8x), uniform=1551KB (1.3x), gaussian=90KB (22.6x), row_shuf=76KB (26.6x), col_shuf=81KB (25.0x)
[06:31:50]   Table 3 CRF=28: real=24KB (82.8x), uniform=1296KB (1.6x), gaussian=9KB (231.3x), row_shuf=24KB (85.7x), col_shuf=8KB (245.9x)
[06:31:51]   Table 9 CRF= 0: real=470KB (4.3x), uniform=2701KB (0.7x), gaussian=901KB (2.2x), row_shuf=485KB (4.2x), col_shuf=491KB (4.1x)
[06:31:52]   Table 9 CRF=10: real=364KB (5.6x), uniform=2338KB (0.9x), gaussian=743KB (2.7x), row_shuf=436KB (4.6x), col_shuf=512KB (4.0x)
[06:31:52]   Table 9 CRF=18: real=112KB (18.0x), uniform=1822KB (1.1x), gaussian=362KB (5.6x), row_shuf=176KB (11.5x), col_shuf=239KB (8.5x)
[06:31:53]   Table 9 CRF=23: real=42KB (48.3x), uniform=1552KB (1.3x), gaussian=144KB (14.0x), row_shuf=66KB (30.7x), col_shuf=89KB (22.7x)
[06:31:53]   Table 9 CRF=28: real=20KB (101.7x), uniform=1296KB (1.6x), gaussian=13KB (155.6x), row_shuf=23KB (89.4x), col_shuf=13KB (152.8x)
[06:31:54]   Table 11 CRF= 0: real=252KB (8.0x), uniform=2701KB (0.7x), gaussian=703KB (2.9x), row_shuf=257KB (7.9x), col_shuf=271KB (7.5x)
[06:31:55]   Table 11 CRF=10: real=257KB (7.9x), uniform=2338KB (0.9x), gaussian=518KB (3.9x), row_shuf=299KB (6.8x), col_shuf=455KB (4.5x)
[06:31:56]   Table 11 CRF=18: real=79KB (25.6x), uniform=1821KB (1.1x), gaussian=154KB (13.1x), row_shuf=91KB (22.2x), col_shuf=119KB (17.1x)
[06:31:56]   Table 11 CRF=23: real=30KB (66.7x), uniform=1551KB (1.3x), gaussian=15KB (133.5x), row_shuf=31KB (64.5x), col_shuf=19KB (106.8x)
[06:31:57]   Table 11 CRF=28: real=11KB (192.7x), uniform=1296KB (1.6x), gaussian=6KB (331.0x), row_shuf=9KB (215.2x), col_shuf=4KB (555.3x)
[06:31:58]   Table 15 CRF= 0: real=433KB (4.7x), uniform=2700KB (0.7x), gaussian=916KB (2.2x), row_shuf=440KB (4.6x), col_shuf=453KB (4.5x)
[06:31:58]   Table 15 CRF=10: real=490KB (4.1x), uniform=2337KB (0.9x), gaussian=761KB (2.7x), row_shuf=555KB (3.6x), col_shuf=724KB (2.8x)
[06:31:59]   Table 15 CRF=18: real=200KB (10.1x), uniform=1821KB (1.1x), gaussian=379KB (5.3x), row_shuf=238KB (8.5x), col_shuf=349KB (5.8x)
[06:32:00]   Table 15 CRF=23: real=91KB (22.3x), uniform=1551KB (1.3x), gaussian=159KB (12.7x), row_shuf=105KB (19.2x), col_shuf=138KB (14.7x)
[06:32:00]   Table 15 CRF=28: real=35KB (58.1x), uniform=1295KB (1.6x), gaussian=16KB (129.8x), row_shuf=36KB (55.6x), col_shuf=21KB (96.5x)
[06:32:01]   Table 20 CRF= 0: real=248KB (8.2x), uniform=2701KB (0.7x), gaussian=700KB (2.9x), row_shuf=252KB (8.0x), col_shuf=270KB (7.5x)
[06:32:02]   Table 20 CRF=10: real=216KB (9.4x), uniform=2338KB (0.9x), gaussian=514KB (3.9x), row_shuf=254KB (8.0x), col_shuf=420KB (4.8x)
[06:32:03]   Table 20 CRF=18: real=65KB (31.3x), uniform=1822KB (1.1x), gaussian=150KB (13.5x), row_shuf=75KB (26.9x), col_shuf=100KB (20.2x)
[06:32:03]   Table 20 CRF=23: real=26KB (77.9x), uniform=1552KB (1.3x), gaussian=14KB (144.4x), row_shuf=28KB (72.9x), col_shuf=20KB (99.0x)
[06:32:04]   Table 20 CRF=28: real=10KB (199.0x), uniform=1296KB (1.6x), gaussian=6KB (334.3x), row_shuf=10KB (213.0x), col_shuf=5KB (448.8x)
[06:32:04]   Table 23 CRF= 0: real=268KB (7.6x), uniform=2701KB (0.7x), gaussian=661KB (3.1x), row_shuf=293KB (6.9x), col_shuf=303KB (6.7x)
[06:32:05]   Table 23 CRF=10: real=174KB (11.6x), uniform=2338KB (0.9x), gaussian=467KB (4.3x), row_shuf=279KB (7.3x), col_shuf=409KB (5.0x)
[06:32:06]   Table 23 CRF=18: real=55KB (36.6x), uniform=1822KB (1.1x), gaussian=109KB (18.6x), row_shuf=74KB (27.2x), col_shuf=85KB (23.7x)
[06:32:06]   Table 23 CRF=23: real=24KB (84.9x), uniform=1551KB (1.3x), gaussian=12KB (170.5x), row_shuf=24KB (84.8x), col_shuf=11KB (184.8x)
[06:32:07]   Table 23 CRF=28: real=10KB (208.5x), uniform=1296KB (1.6x), gaussian=6KB (360.9x), row_shuf=7KB (302.0x), col_shuf=3KB (640.8x)
[06:32:07]   Table 25 CRF= 0: real=549KB (3.7x), uniform=2702KB (0.7x), gaussian=838KB (2.4x), row_shuf=575KB (3.5x), col_shuf=584KB (3.5x)
[06:32:08]   Table 25 CRF=10: real=412KB (4.9x), uniform=2339KB (0.9x), gaussian=672KB (3.0x), row_shuf=510KB (4.0x), col_shuf=631KB (3.2x)
[06:32:09]   Table 25 CRF=18: real=107KB (19.0x), uniform=1821KB (1.1x), gaussian=294KB (6.9x), row_shuf=172KB (11.8x), col_shuf=258KB (7.8x)
[06:32:09]   Table 25 CRF=23: real=46KB (44.0x), uniform=1552KB (1.3x), gaussian=86KB (23.5x), row_shuf=63KB (32.0x), col_shuf=74KB (27.5x)
[06:32:10]   Table 25 CRF=28: real=20KB (99.6x), uniform=1296KB (1.6x), gaussian=9KB (232.3x), row_shuf=21KB (95.3x), col_shuf=9KB (225.1x)
[06:32:10] 
======================================================================
[06:32:10] EXPERIMENT 1: CRF x Reordering (Kaggle, D=16)
[06:32:10] ======================================================================
[06:32:10] 
  Table 2: 10,131,227 rows, 154.6MB uint8, 618.4MB fp32
[06:32:16]     natural              CRF= 0:   46.4x (uint8),   185.5x (fp32), MSE=0.00, MaxErr=0
[06:32:22]     natural              CRF=10:  199.4x (uint8),   797.7x (fp32), MSE=0.02, MaxErr=7
[06:32:27]     natural              CRF=18:  466.8x (uint8),  1867.3x (fp32), MSE=0.03, MaxErr=18
[06:32:31]     natural              CRF=23:  602.5x (uint8),  2410.1x (fp32), MSE=0.04, MaxErr=33
[06:32:36]     natural              CRF=28:  672.0x (uint8),  2688.2x (fp32), MSE=0.04, MaxErr=47
[06:32:42]     random               CRF= 0:   44.5x (uint8),   178.1x (fp32), MSE=0.00, MaxErr=0
[06:32:47]     random               CRF=10:  182.8x (uint8),   731.3x (fp32), MSE=0.02, MaxErr=7
[06:32:52]     random               CRF=18:  473.8x (uint8),  1895.3x (fp32), MSE=0.03, MaxErr=21
[06:32:56]     random               CRF=23:  623.3x (uint8),  2493.2x (fp32), MSE=0.04, MaxErr=37
[06:33:01]     random               CRF=28:  683.9x (uint8),  2735.4x (fp32), MSE=0.05, MaxErr=60
[06:33:08]     frequency            CRF= 0:   65.6x (uint8),   262.3x (fp32), MSE=0.00, MaxErr=0
[06:33:14]     frequency            CRF=10:  213.7x (uint8),   854.7x (fp32), MSE=0.02, MaxErr=3
[06:34:59]     frequency            CRF=18:  511.8x (uint8),  2047.3x (fp32), MSE=0.02, MaxErr=6
[06:47:34]     frequency            CRF=23:  613.5x (uint8),  2454.1x (fp32), MSE=0.03, MaxErr=10
[06:47:38]     frequency            CRF=28:  665.3x (uint8),  2661.0x (fp32), MSE=0.03, MaxErr=19
[06:47:38] 
  Table 3: 2,202,608 rows, 33.6MB uint8, 134.4MB fp32
[06:47:40]     natural              CRF= 0:   19.8x (uint8),    79.2x (fp32), MSE=0.00, MaxErr=0
[06:47:41]     natural              CRF=10:   49.7x (uint8),   198.6x (fp32), MSE=0.06, MaxErr=5
[06:47:42]     natural              CRF=18:  157.1x (uint8),   628.4x (fp32), MSE=0.10, MaxErr=13
[06:47:43]     natural              CRF=23:  297.2x (uint8),  1188.8x (fp32), MSE=0.15, MaxErr=24
[06:47:44]     natural              CRF=28:  486.1x (uint8),  1944.3x (fp32), MSE=0.20, MaxErr=38
[06:47:45]     random               CRF= 0:   18.1x (uint8),    72.6x (fp32), MSE=0.00, MaxErr=0
[06:47:47]     random               CRF=10:   32.7x (uint8),   130.6x (fp32), MSE=0.08, MaxErr=6
[06:47:48]     random               CRF=18:  134.1x (uint8),   536.6x (fp32), MSE=0.15, MaxErr=17
[06:47:49]     random               CRF=23:  322.6x (uint8),  1290.5x (fp32), MSE=0.21, MaxErr=34
[06:47:50]     random               CRF=28:  580.3x (uint8),  2321.4x (fp32), MSE=0.26, MaxErr=49
[06:47:52]     frequency            CRF= 0:   26.1x (uint8),   104.4x (fp32), MSE=0.00, MaxErr=0
[06:47:53]     frequency            CRF=10:   66.3x (uint8),   265.2x (fp32), MSE=0.04, MaxErr=2
[06:47:54]     frequency            CRF=18:  220.4x (uint8),   881.7x (fp32), MSE=0.07, MaxErr=6
[06:47:55]     frequency            CRF=23:  359.9x (uint8),  1439.6x (fp32), MSE=0.09, MaxErr=10
[06:47:56]     frequency            CRF=28:  507.5x (uint8),  2029.8x (fp32), MSE=0.13, MaxErr=17
[06:47:56] 
  Table 9: 93,145 rows, 1.4MB uint8, 5.7MB fp32
[06:47:56]     natural              CRF= 0:    3.1x (uint8),    12.4x (fp32), MSE=0.00, MaxErr=0
[06:47:56]     natural              CRF=10:    4.0x (uint8),    16.0x (fp32), MSE=0.26, MaxErr=3
[06:47:56]     natural              CRF=18:   13.0x (uint8),    51.9x (fp32), MSE=1.08, MaxErr=9
[06:47:57]     natural              CRF=23:   34.7x (uint8),   139.0x (fp32), MSE=1.67, MaxErr=21
[06:47:57]     natural              CRF=28:   73.1x (uint8),   292.4x (fp32), MSE=2.43, MaxErr=37
[06:47:57]     random               CRF= 0:    3.0x (uint8),    12.0x (fp32), MSE=0.00, MaxErr=0
[06:47:58]     random               CRF=10:    3.3x (uint8),    13.4x (fp32), MSE=0.26, MaxErr=3
[06:47:58]     random               CRF=18:    8.3x (uint8),    33.2x (fp32), MSE=1.20, MaxErr=10
[06:47:58]     random               CRF=23:   22.0x (uint8),    88.2x (fp32), MSE=2.33, MaxErr=24
[06:47:58]     random               CRF=28:   64.1x (uint8),   256.4x (fp32), MSE=3.59, MaxErr=42
[06:47:58]     frequency            CRF= 0:    3.2x (uint8),    12.8x (fp32), MSE=0.00, MaxErr=0
[06:47:58]     frequency            CRF=10:    4.4x (uint8),    17.5x (fp32), MSE=0.26, MaxErr=2
[06:47:58]     frequency            CRF=18:   16.4x (uint8),    65.6x (fp32), MSE=1.03, MaxErr=6
[06:47:58]     frequency            CRF=23:   49.4x (uint8),   197.8x (fp32), MSE=1.46, MaxErr=12
[06:47:58]     frequency            CRF=28:   94.8x (uint8),   379.4x (fp32), MSE=1.96, MaxErr=17
[06:47:59] 
  Table 11: 8,351,593 rows, 127.4MB uint8, 509.7MB fp32
[06:48:03]     natural              CRF= 0:   49.9x (uint8),   199.5x (fp32), MSE=0.00, MaxErr=0
[06:48:15]     natural              CRF=10:  190.1x (uint8),   760.5x (fp32), MSE=0.02, MaxErr=6
[06:48:32]     natural              CRF=18:  456.2x (uint8),  1824.7x (fp32), MSE=0.03, MaxErr=15
[06:48:44]     natural              CRF=23:  599.5x (uint8),  2398.2x (fp32), MSE=0.04, MaxErr=27
[06:48:57]     natural              CRF=28:  673.7x (uint8),  2694.9x (fp32), MSE=0.04, MaxErr=45
[06:49:10]     random               CRF= 0:   47.6x (uint8),   190.6x (fp32), MSE=0.00, MaxErr=0
[06:49:34]     random               CRF=10:  171.4x (uint8),   685.6x (fp32), MSE=0.02, MaxErr=7
[06:49:57]     random               CRF=18:  469.6x (uint8),  1878.2x (fp32), MSE=0.03, MaxErr=20
