[06:31:19] ======================================================================
[06:31:19] MLSYS REVIEWER EXPERIMENTS
[06:31:19] ======================================================================
[06:31:19] 
######################################################################
[06:31:19] # KAGGLE
[06:31:19] ######################################################################
[06:31:19] Loading kaggle dataset...
[06:47:57]   26 tables, D=16
[06:48:03] Large tables: [2, 3, 9, 11, 15, 20, 23, 25]
[06:48:03] 
Profiling access frequencies...
[06:49:24]   Table 2: 10,131,227 rows, 946,681 accessed (9.3%)
[06:49:24]   Table 3: 2,202,608 rows, 305,825 accessed (13.9%)
[06:49:24]   Table 9: 93,145 rows, 45,643 accessed (49.0%)
[06:49:24]   Table 11: 8,351,593 rows, 814,963 accessed (9.8%)
[06:49:24]   Table 15: 5,461,306 rows, 594,358 accessed (10.9%)
[06:49:24]   Table 20: 7,046,547 rows, 720,100 accessed (10.2%)
[06:49:24]   Table 23: 286,181 rows, 78,300 accessed (27.4%)
[06:49:24]   Table 25: 142,572 rows, 54,262 accessed (38.1%)
[06:49:25]   Table 2: 435,642 hot (4.3%), 9,695,585 cold
[06:49:25]   Table 3: 94,712 hot (4.3%), 2,107,896 cold
[06:49:26]   Table 9: 4,005 hot (4.3%), 89,140 cold
[06:49:27]   Table 11: 359,118 hot (4.3%), 7,992,475 cold
[06:49:27]   Table 15: 234,836 hot (4.3%), 5,226,470 cold
[06:49:28]   Table 20: 303,001 hot (4.3%), 6,743,546 cold
[06:49:28]   Table 23: 12,305 hot (4.3%), 273,876 cold
[06:49:28]   Table 25: 6,130 hot (4.3%), 136,442 cold
[06:49:28]   Experiment 1 already done (results/mlsys_baselines/kaggle_exp1.done)
[06:49:28]   Experiment 2 already done (results/mlsys_baselines/kaggle_exp2.done)
[06:49:28]   Experiment 3 already done (results/mlsys_baselines/kaggle_exp3.done)
[06:49:28]   Experiment 4 already done (results/mlsys_baselines/kaggle_exp4.done)
[06:49:28]   Experiment 5 already done (results/mlsys_baselines/kaggle_exp5.done)
[06:49:28] Summary appended to results/mlsys_baselines/summary.md
[06:49:29] 
######################################################################
[06:49:29] # TERABYTE
[06:49:29] ######################################################################
[06:49:29] Loading terabyte dataset...
