[22:06:45] ======================================================================
[22:06:45] TRUE ON-DEMAND H.265 CODEC BENCHMARK
[22:06:45] Per-frame files, proper video resolution, no pre-decode
[22:06:45] ======================================================================
[22:06:45] RSS at start: 606MB
Unable to import mlperf_logging,  No module named 'mlperf_logging'
Unable to import onnx.  No module named 'onnx'
[22:06:45] Loading dataset...
Reading pre-processed data=/home/cc/input/kaggleAdDisplayChallenge_processed.npz
Sparse fea = 26, Dense fea = 13
Defined train indices...
Randomized indices across days ...
Split data according to indices...
Reading pre-processed data=/home/cc/input/kaggleAdDisplayChallenge_processed.npz
Sparse fea = 26, Dense fea = 13
Defined test indices...
Randomized indices across days ...
Split data according to indices...
[22:08:52] Loading model checkpoint...
[22:08:53] Model loaded. 26 tables, emb_dim=16
[22:08:54] Tables: 26, Large: [2, 3, 9, 11, 15, 20, 23, 25]
[22:08:54] Total embedding memory: 2060.7MB
[22:08:54] 
Loading existing profiling and hot/cold data...
[22:08:55] Loaded profiling, hot/cold, and reorder data.
[22:08:55] 
Encoding for 1080p SKIPPED — already done
[22:08:55] 
Encoding for 4K SKIPPED — already done
[22:08:55] 
======================================================================
[22:08:55] INFERENCE BENCHMARKS — True On-Demand Decode
[22:08:55] ======================================================================
[22:08:55] 
--- Baseline: Full fp32 ---
/home/cc/expr/dlrm_minrui/dlrm_data_pytorch.py:328: UserWarning: Creating a tensor from a list of numpy.ndarrays is extremely slow. Please consider converting the list to a single numpy.ndarray with numpy.array() before converting to a tensor. (Triggered internally at /pytorch/torch/csrc/utils/tensor_new.cpp:253.)
  X_int = torch.log(torch.tensor(transposed_data[0], dtype=torch.float) + 1)
[22:08:58]     Batch 0
[22:09:12]     Batch 500
[22:09:31]     Batch 1000
[22:09:46]     Batch 1500
[22:09:51]   AUC=0.768613, Time=51.60s, RSS=41294MB
[22:09:51]   Batch latency: mean=4.73ms, p50=4.63ms, p99=6.79ms
[22:09:51] 
======================================================================
[22:09:51] EXPERIMENTS: 4K — No predictor, small cache sweep
[22:09:51] ======================================================================
[22:09:51] 
--- 4K_nopred_cache1: 4K, cache=1, predictor=none, depth=1 ---
[22:09:51] Cache: 1 frames x 32400.0KB = 31.6MB budget (518400 rows/frame, 19 total frames)
[22:09:51] Cache: 1 frames x 32400.0KB = 31.6MB budget (518400 rows/frame, 5 total frames)
[22:09:51] Cache: 1 frames x 32400.0KB = 31.6MB budget (518400 rows/frame, 1 total frames)
[22:09:52] Cache: 1 frames x 32400.0KB = 31.6MB budget (518400 rows/frame, 16 total frames)
[22:09:52] Cache: 1 frames x 32400.0KB = 31.6MB budget (518400 rows/frame, 11 total frames)
[22:09:52] Cache: 1 frames x 32400.0KB = 31.6MB budget (518400 rows/frame, 14 total frames)
[22:09:52] Cache: 1 frames x 32400.0KB = 31.6MB budget (518400 rows/frame, 1 total frames)
[22:09:52] Cache: 1 frames x 32400.0KB = 31.6MB budget (518400 rows/frame, 1 total frames)
[22:09:54]   Memory: hot=87.4MB + compressed_cold=193.5MB = 281.0MB (vs 2060.7MB full fp32)
[22:09:54]   RSS after setup: 39781MB
[22:09:57]     Batch 0: lat=518.9ms, RSS=39981MB
[22:10:13]     Batch 500: lat=12.5ms, RSS=40052MB
[22:10:31]     Batch 1000: lat=11.8ms, RSS=40124MB
[22:10:51]     Batch 1500: lat=12.2ms, RSS=40250MB
[22:10:55]   AUC=0.768613, Time=57.83s, RSS=40309MB
[22:10:55]   Hit rate=99.9%, Demand=8 (0.0/batch), Prefetch hits=0, Demand time=470ms
[22:10:55]   Compression: 1970.4MB fp32 -> 193.5MB (10.2x)
[22:10:55]   LRU cache: 8 frames = 253.1MB
[22:10:55]   Total memory: hot=87.4 + cold=193.5 + lru=253.1 = 534.1MB (vs 2060.7MB baseline, 3.9x)
[22:10:55]   Batch latency: mean=12.49ms
[22:10:55]   Cache: 99.9% hit | demand=1 (0.0/batch) | prefetch_hits=0 | demand_time=106ms | size=1/1
[22:10:55]   Cache: 99.9% hit | demand=1 (0.0/batch) | prefetch_hits=0 | demand_time=73ms | size=1/1
[22:10:55]   Cache: 99.9% hit | demand=1 (0.0/batch) | prefetch_hits=0 | demand_time=30ms | size=1/1
[22:10:55]   Cache: 99.9% hit | demand=1 (0.0/batch) | prefetch_hits=0 | demand_time=58ms | size=1/1
[22:10:55]   Cache: 99.9% hit | demand=1 (0.0/batch) | prefetch_hits=0 | demand_time=59ms | size=1/1
[22:10:55]   Cache: 99.9% hit | demand=1 (0.0/batch) | prefetch_hits=0 | demand_time=66ms | size=1/1
[22:10:55]   Cache: 99.9% hit | demand=1 (0.0/batch) | prefetch_hits=0 | demand_time=45ms | size=1/1
[22:10:55]   Cache: 99.9% hit | demand=1 (0.0/batch) | prefetch_hits=0 | demand_time=33ms | size=1/1
[22:10:59] 
--- 4K_nopred_cache3: 4K, cache=3, predictor=none, depth=1 ---
[22:10:59] Cache: 3 frames x 32400.0KB = 94.9MB budget (518400 rows/frame, 19 total frames)
[22:10:59] Cache: 3 frames x 32400.0KB = 94.9MB budget (518400 rows/frame, 5 total frames)
[22:10:59] Cache: 3 frames x 32400.0KB = 94.9MB budget (518400 rows/frame, 1 total frames)
[22:10:59] Cache: 3 frames x 32400.0KB = 94.9MB budget (518400 rows/frame, 16 total frames)
[22:10:59] Cache: 3 frames x 32400.0KB = 94.9MB budget (518400 rows/frame, 11 total frames)
[22:10:59] Cache: 3 frames x 32400.0KB = 94.9MB budget (518400 rows/frame, 14 total frames)
[22:10:59] Cache: 3 frames x 32400.0KB = 94.9MB budget (518400 rows/frame, 1 total frames)
[22:10:59] Cache: 3 frames x 32400.0KB = 94.9MB budget (518400 rows/frame, 1 total frames)
[22:11:01]   Memory: hot=87.4MB + compressed_cold=193.5MB = 281.0MB (vs 2060.7MB full fp32)
[22:11:01]   RSS after setup: 39935MB
[22:11:04]     Batch 0: lat=726.5ms, RSS=40001MB
[22:11:22]     Batch 500: lat=12.3ms, RSS=40061MB
[22:11:45]     Batch 1000: lat=11.6ms, RSS=40141MB
[22:12:06]     Batch 1500: lat=12.2ms, RSS=40248MB
[22:12:10]   AUC=0.768613, Time=65.39s, RSS=40225MB
[22:12:10]   Hit rate=99.9%, Demand=8 (0.0/batch), Prefetch hits=0, Demand time=704ms
[22:12:10]   Compression: 1970.4MB fp32 -> 193.5MB (10.2x)
[22:12:10]   LRU cache: 8 frames = 253.1MB
[22:12:10]   Total memory: hot=87.4 + cold=193.5 + lru=253.1 = 534.1MB (vs 2060.7MB baseline, 3.9x)
[22:12:10]   Batch latency: mean=13.05ms
[22:12:10]   Cache: 99.9% hit | demand=1 (0.0/batch) | prefetch_hits=0 | demand_time=77ms | size=1/3
[22:12:10]   Cache: 99.9% hit | demand=1 (0.0/batch) | prefetch_hits=0 | demand_time=86ms | size=1/3
[22:12:10]   Cache: 99.9% hit | demand=1 (0.0/batch) | prefetch_hits=0 | demand_time=50ms | size=1/3
[22:12:10]   Cache: 99.9% hit | demand=1 (0.0/batch) | prefetch_hits=0 | demand_time=105ms | size=1/3
[22:12:10]   Cache: 99.9% hit | demand=1 (0.0/batch) | prefetch_hits=0 | demand_time=118ms | size=1/3
[22:12:10]   Cache: 99.9% hit | demand=1 (0.0/batch) | prefetch_hits=0 | demand_time=131ms | size=1/3
[22:12:10]   Cache: 99.9% hit | demand=1 (0.0/batch) | prefetch_hits=0 | demand_time=80ms | size=1/3
[22:12:10]   Cache: 99.9% hit | demand=1 (0.0/batch) | prefetch_hits=0 | demand_time=56ms | size=1/3
[22:12:12] 
--- 4K_nopred_cache5: 4K, cache=5, predictor=none, depth=1 ---
[22:12:13] Cache: 5 frames x 32400.0KB = 158.2MB budget (518400 rows/frame, 19 total frames)
[22:12:13] Cache: 5 frames x 32400.0KB = 158.2MB budget (518400 rows/frame, 5 total frames)
[22:12:13] Cache: 5 frames x 32400.0KB = 158.2MB budget (518400 rows/frame, 1 total frames)
[22:12:13] Cache: 5 frames x 32400.0KB = 158.2MB budget (518400 rows/frame, 16 total frames)
[22:12:13] Cache: 5 frames x 32400.0KB = 158.2MB budget (518400 rows/frame, 11 total frames)
[22:12:13] Cache: 5 frames x 32400.0KB = 158.2MB budget (518400 rows/frame, 14 total frames)
[22:12:13] Cache: 5 frames x 32400.0KB = 158.2MB budget (518400 rows/frame, 1 total frames)
[22:12:13] Cache: 5 frames x 32400.0KB = 158.2MB budget (518400 rows/frame, 1 total frames)
[22:12:15]   Memory: hot=87.4MB + compressed_cold=193.5MB = 281.0MB (vs 2060.7MB full fp32)
[22:12:15]   RSS after setup: 39985MB
[22:12:17]     Batch 0: lat=700.6ms, RSS=39994MB
[22:12:33]     Batch 500: lat=12.1ms, RSS=40050MB
[22:12:51]     Batch 1000: lat=12.5ms, RSS=40145MB
[22:13:11]     Batch 1500: lat=12.1ms, RSS=40241MB
[22:13:15]   AUC=0.768613, Time=56.92s, RSS=40218MB
[22:13:15]   Hit rate=99.9%, Demand=8 (0.0/batch), Prefetch hits=0, Demand time=677ms
[22:13:15]   Compression: 1970.4MB fp32 -> 193.5MB (10.2x)
[22:13:15]   LRU cache: 8 frames = 253.1MB
[22:13:15]   Total memory: hot=87.4 + cold=193.5 + lru=253.1 = 534.1MB (vs 2060.7MB baseline, 3.9x)
[22:13:15]   Batch latency: mean=12.64ms
[22:13:15]   Cache: 99.9% hit | demand=1 (0.0/batch) | prefetch_hits=0 | demand_time=71ms | size=1/5
[22:13:15]   Cache: 99.9% hit | demand=1 (0.0/batch) | prefetch_hits=0 | demand_time=87ms | size=1/5
[22:13:15]   Cache: 99.9% hit | demand=1 (0.0/batch) | prefetch_hits=0 | demand_time=43ms | size=1/5
[22:13:15]   Cache: 99.9% hit | demand=1 (0.0/batch) | prefetch_hits=0 | demand_time=104ms | size=1/5
[22:13:15]   Cache: 99.9% hit | demand=1 (0.0/batch) | prefetch_hits=0 | demand_time=110ms | size=1/5
[22:13:15]   Cache: 99.9% hit | demand=1 (0.0/batch) | prefetch_hits=0 | demand_time=122ms | size=1/5
[22:13:15]   Cache: 99.9% hit | demand=1 (0.0/batch) | prefetch_hits=0 | demand_time=81ms | size=1/5
[22:13:15]   Cache: 99.9% hit | demand=1 (0.0/batch) | prefetch_hits=0 | demand_time=59ms | size=1/5
[22:13:18] 
--- 4K_nopred_cache7: 4K, cache=7, predictor=none, depth=1 ---
[22:13:18] Cache: 7 frames x 32400.0KB = 221.5MB budget (518400 rows/frame, 19 total frames)
[22:13:18] Cache: 7 frames x 32400.0KB = 221.5MB budget (518400 rows/frame, 5 total frames)
[22:13:18] Cache: 7 frames x 32400.0KB = 221.5MB budget (518400 rows/frame, 1 total frames)
[22:13:18] Cache: 7 frames x 32400.0KB = 221.5MB budget (518400 rows/frame, 16 total frames)
[22:13:18] Cache: 7 frames x 32400.0KB = 221.5MB budget (518400 rows/frame, 11 total frames)
[22:13:18] Cache: 7 frames x 32400.0KB = 221.5MB budget (518400 rows/frame, 14 total frames)
[22:13:18] Cache: 7 frames x 32400.0KB = 221.5MB budget (518400 rows/frame, 1 total frames)
[22:13:18] Cache: 7 frames x 32400.0KB = 221.5MB budget (518400 rows/frame, 1 total frames)
[22:13:20]   Memory: hot=87.4MB + compressed_cold=193.5MB = 281.0MB (vs 2060.7MB full fp32)
[22:13:20]   RSS after setup: 39955MB
[22:13:23]     Batch 0: lat=732.2ms, RSS=40024MB
[22:13:39]     Batch 500: lat=12.1ms, RSS=40075MB
[22:13:56]     Batch 1000: lat=12.0ms, RSS=40142MB
[22:14:16]     Batch 1500: lat=13.4ms, RSS=40256MB
[22:14:20]   AUC=0.768613, Time=56.31s, RSS=40233MB
[22:14:20]   Hit rate=99.9%, Demand=8 (0.0/batch), Prefetch hits=0, Demand time=709ms
[22:14:20]   Compression: 1970.4MB fp32 -> 193.5MB (10.2x)
[22:14:20]   LRU cache: 8 frames = 253.1MB
[22:14:20]   Total memory: hot=87.4 + cold=193.5 + lru=253.1 = 534.1MB (vs 2060.7MB baseline, 3.9x)
[22:14:20]   Batch latency: mean=12.72ms
[22:14:20]   Cache: 99.9% hit | demand=1 (0.0/batch) | prefetch_hits=0 | demand_time=73ms | size=1/7
[22:14:20]   Cache: 99.9% hit | demand=1 (0.0/batch) | prefetch_hits=0 | demand_time=98ms | size=1/7
[22:14:20]   Cache: 99.9% hit | demand=1 (0.0/batch) | prefetch_hits=0 | demand_time=57ms | size=1/7
[22:14:20]   Cache: 99.9% hit | demand=1 (0.0/batch) | prefetch_hits=0 | demand_time=102ms | size=1/7
[22:14:20]   Cache: 99.9% hit | demand=1 (0.0/batch) | prefetch_hits=0 | demand_time=117ms | size=1/7
[22:14:20]   Cache: 99.9% hit | demand=1 (0.0/batch) | prefetch_hits=0 | demand_time=124ms | size=1/7
[22:14:20]   Cache: 99.9% hit | demand=1 (0.0/batch) | prefetch_hits=0 | demand_time=80ms | size=1/7
[22:14:20]   Cache: 99.9% hit | demand=1 (0.0/batch) | prefetch_hits=0 | demand_time=57ms | size=1/7
[22:14:21] 
--- 4K_nopred_cache10: 4K, cache=10, predictor=none, depth=1 ---
[22:14:22] Cache: 10 frames x 32400.0KB = 316.4MB budget (518400 rows/frame, 19 total frames)
[22:14:22] Cache: 10 frames x 32400.0KB = 316.4MB budget (518400 rows/frame, 5 total frames)
[22:14:22] Cache: 10 frames x 32400.0KB = 316.4MB budget (518400 rows/frame, 1 total frames)
[22:14:22] Cache: 10 frames x 32400.0KB = 316.4MB budget (518400 rows/frame, 16 total frames)
[22:14:22] Cache: 10 frames x 32400.0KB = 316.4MB budget (518400 rows/frame, 11 total frames)
[22:14:22] Cache: 10 frames x 32400.0KB = 316.4MB budget (518400 rows/frame, 14 total frames)
[22:14:22] Cache: 10 frames x 32400.0KB = 316.4MB budget (518400 rows/frame, 1 total frames)
[22:14:22] Cache: 10 frames x 32400.0KB = 316.4MB budget (518400 rows/frame, 1 total frames)
[22:14:24]   Memory: hot=87.4MB + compressed_cold=193.5MB = 281.0MB (vs 2060.7MB full fp32)
[22:14:24]   RSS after setup: 39960MB
[22:14:26]     Batch 0: lat=721.5ms, RSS=40024MB
[22:14:42]     Batch 500: lat=12.2ms, RSS=40066MB
[22:15:00]     Batch 1000: lat=11.4ms, RSS=40134MB
[22:15:19]     Batch 1500: lat=12.1ms, RSS=40266MB
[22:15:22]   AUC=0.768613, Time=55.47s, RSS=40323MB
[22:15:22]   Hit rate=99.9%, Demand=8 (0.0/batch), Prefetch hits=0, Demand time=700ms
[22:15:22]   Compression: 1970.4MB fp32 -> 193.5MB (10.2x)
[22:15:22]   LRU cache: 8 frames = 253.1MB
[22:15:22]   Total memory: hot=87.4 + cold=193.5 + lru=253.1 = 534.1MB (vs 2060.7MB baseline, 3.9x)
[22:15:22]   Batch latency: mean=12.38ms
[22:15:22]   Cache: 99.9% hit | demand=1 (0.0/batch) | prefetch_hits=0 | demand_time=84ms | size=1/10
[22:15:22]   Cache: 99.9% hit | demand=1 (0.0/batch) | prefetch_hits=0 | demand_time=85ms | size=1/10
[22:15:22]   Cache: 99.9% hit | demand=1 (0.0/batch) | prefetch_hits=0 | demand_time=47ms | size=1/10
[22:15:22]   Cache: 99.9% hit | demand=1 (0.0/batch) | prefetch_hits=0 | demand_time=99ms | size=1/10
[22:15:22]   Cache: 99.9% hit | demand=1 (0.0/batch) | prefetch_hits=0 | demand_time=115ms | size=1/10
[22:15:22]   Cache: 99.9% hit | demand=1 (0.0/batch) | prefetch_hits=0 | demand_time=136ms | size=1/10
[22:15:22]   Cache: 99.9% hit | demand=1 (0.0/batch) | prefetch_hits=0 | demand_time=78ms | size=1/10
[22:15:22]   Cache: 99.9% hit | demand=1 (0.0/batch) | prefetch_hits=0 | demand_time=55ms | size=1/10
[22:15:24] 
======================================================================
[22:15:24] GENERATING REPORTS
[22:15:24] ======================================================================
[22:15:24]   Saved: results/ondemand_results.json
[22:15:24] 
# On-Demand Codec Results

Date: 2026-02-24 22:15:24
Baseline AUC: 0.768613, Time: 51.60s

Config                              AUC Time(s)   Hit%    Hot   Cold    LRU   Total  Reduc     RSS    BLat
----------------------------------------------------------------------------------------------------------
4K_nopred_cache1               0.768613    57.8 99.9%    87M   194M   253M    534M   3.9x  40309M   12.5ms
4K_nopred_cache10              0.768613    55.5 99.9%    87M   194M   253M    534M   3.9x  40323M   12.4ms
4K_nopred_cache3               0.768613    65.4 99.9%    87M   194M   253M    534M   3.9x  40225M   13.1ms
4K_nopred_cache5               0.768613    56.9 99.9%    87M   194M   253M    534M   3.9x  40218M   12.6ms
4K_nopred_cache7               0.768613    56.3 99.9%    87M   194M   253M    534M   3.9x  40233M   12.7ms
A_baseline                     0.768613    51.6  0.0%  2061M     0M     0M   2061M   1.0x  41294M    4.7ms
[22:15:24] 
  Saved: results/ondemand_results.md
[22:15:24] 
======================================================================
[22:15:24] ALL ON-DEMAND EXPERIMENTS COMPLETE
[22:15:24] ======================================================================
[22:15:24] Final RSS: 41909MB
