[01:05:08] ======================================================================
[01:05:08] TRUE ON-DEMAND H.265 CODEC BENCHMARK
[01:05:08] Per-frame files, proper video resolution, no pre-decode
[01:05:08] ======================================================================
[01:05:08] RSS at start: 606MB
Unable to import mlperf_logging,  No module named 'mlperf_logging'
Unable to import onnx.  No module named 'onnx'
[01:05:09] Loading dataset...
Reading pre-processed data=/home/cc/input/kaggleAdDisplayChallenge_processed.npz
Sparse fea = 26, Dense fea = 13
Defined train indices...
Randomized indices across days ...
Split data according to indices...
Reading pre-processed data=/home/cc/input/kaggleAdDisplayChallenge_processed.npz
Sparse fea = 26, Dense fea = 13
Defined test indices...
Randomized indices across days ...
Split data according to indices...
[01:07:15] Loading model checkpoint...
[01:07:16] Model loaded. 26 tables, emb_dim=16
[01:07:17] Tables: 26, Large: [2, 3, 9, 11, 15, 20, 23, 25]
[01:07:17] C++ extension: ENABLED
[01:07:17] Total embedding memory: 2060.7MB
[01:07:17] 
Loading existing profiling and hot/cold data...
[01:07:19] Loaded profiling, hot/cold, and reorder data.
[01:07:19] 
Encoding for 1080p SKIPPED — already done
[01:07:19] 
Encoding for 4K SKIPPED — already done
[01:07:19] 
======================================================================
[01:07:19] INFERENCE BENCHMARKS — True On-Demand Decode
[01:07:19] ======================================================================
[01:07:19] 
--- Baseline: Full fp32 ---
/home/cc/expr/dlrm_minrui/dlrm_data_pytorch.py:328: UserWarning: Creating a tensor from a list of numpy.ndarrays is extremely slow. Please consider converting the list to a single numpy.ndarray with numpy.array() before converting to a tensor. (Triggered internally at /pytorch/torch/csrc/utils/tensor_new.cpp:253.)
  X_int = torch.log(torch.tensor(transposed_data[0], dtype=torch.float) + 1)
[01:07:22]     Batch 0
[01:07:36]     Batch 500
[01:07:53]     Batch 1000
[01:08:09]     Batch 1500
[01:08:19]   AUC=0.768613, Time=55.80s, RSS=41281MB
[01:08:19]   Batch latency: mean=4.63ms, p50=4.34ms, p99=6.85ms
[01:08:19] 
======================================================================
[01:08:19] EXPERIMENTS: 4K — No predictor, small cache sweep
[01:08:19] ======================================================================
[01:08:19] 
--- 4K_nopred_cache1: 4K, cache=1, predictor=none, depth=1 ---
[01:08:20] Cache: 1 frames x 32400.0KB = 31.6MB budget (518400 rows/frame, 19 total frames)
[01:08:20] Cache: 1 frames x 32400.0KB = 31.6MB budget (518400 rows/frame, 5 total frames)
[01:08:20] Cache: 1 frames x 32400.0KB = 31.6MB budget (518400 rows/frame, 1 total frames)
[01:08:20] Cache: 1 frames x 32400.0KB = 31.6MB budget (518400 rows/frame, 16 total frames)
[01:08:20] Cache: 1 frames x 32400.0KB = 31.6MB budget (518400 rows/frame, 11 total frames)
[01:08:20] Cache: 1 frames x 32400.0KB = 31.6MB budget (518400 rows/frame, 14 total frames)
[01:08:20] Cache: 1 frames x 32400.0KB = 31.6MB budget (518400 rows/frame, 1 total frames)
[01:08:20] Cache: 1 frames x 32400.0KB = 31.6MB budget (518400 rows/frame, 1 total frames)
[01:08:22]   Memory: hot=87.4MB + compressed_cold=193.5MB = 281.0MB (vs 2060.7MB full fp32)
[01:08:22]   RSS after setup: 39778MB
[01:08:25]     Batch 0: lat=504.1ms, RSS=39975MB
[01:08:43]     Batch 500: lat=8.3ms, RSS=40046MB
[01:08:59]     Batch 1000: lat=7.5ms, RSS=40116MB
[01:09:20]     Batch 1500: lat=8.3ms, RSS=40222MB
[01:09:23]   AUC=0.768613, Time=57.29s, RSS=40234MB
[01:09:23]   Hit rate=99.9%, Demand=8 (0.0/batch), Prefetch hits=0, Demand time=468ms
[01:09:23]   Compression: 1970.4MB fp32 -> 193.5MB (10.2x)
[01:09:23]   LRU cache: 8 frames = 253.1MB
[01:09:23]   Total memory: hot=87.4 + cold=193.5 + lru=253.1 = 534.1MB (vs 2060.7MB baseline, 3.9x)
[01:09:23]   Batch latency: mean=8.82ms
[01:09:23]   Cache: 99.9% hit | demand=1 (0.0/batch) | prefetch_hits=0 | demand_time=106ms | size=1/1
[01:09:23]   Cache: 99.9% hit | demand=1 (0.0/batch) | prefetch_hits=0 | demand_time=68ms | size=1/1
[01:09:23]   Cache: 99.9% hit | demand=1 (0.0/batch) | prefetch_hits=0 | demand_time=30ms | size=1/1
[01:09:23]   Cache: 99.9% hit | demand=1 (0.0/batch) | prefetch_hits=0 | demand_time=59ms | size=1/1
[01:09:23]   Cache: 99.9% hit | demand=1 (0.0/batch) | prefetch_hits=0 | demand_time=61ms | size=1/1
[01:09:23]   Cache: 99.9% hit | demand=1 (0.0/batch) | prefetch_hits=0 | demand_time=67ms | size=1/1
[01:09:23]   Cache: 99.9% hit | demand=1 (0.0/batch) | prefetch_hits=0 | demand_time=44ms | size=1/1
[01:09:23]   Cache: 99.9% hit | demand=1 (0.0/batch) | prefetch_hits=0 | demand_time=34ms | size=1/1
[01:09:28] 
--- 4K_nopred_cache3: 4K, cache=3, predictor=none, depth=1 ---
[01:09:28] Cache: 3 frames x 32400.0KB = 94.9MB budget (518400 rows/frame, 19 total frames)
[01:09:29] Cache: 3 frames x 32400.0KB = 94.9MB budget (518400 rows/frame, 5 total frames)
[01:09:29] Cache: 3 frames x 32400.0KB = 94.9MB budget (518400 rows/frame, 1 total frames)
[01:09:29] Cache: 3 frames x 32400.0KB = 94.9MB budget (518400 rows/frame, 16 total frames)
[01:09:29] Cache: 3 frames x 32400.0KB = 94.9MB budget (518400 rows/frame, 11 total frames)
[01:09:29] Cache: 3 frames x 32400.0KB = 94.9MB budget (518400 rows/frame, 14 total frames)
[01:09:29] Cache: 3 frames x 32400.0KB = 94.9MB budget (518400 rows/frame, 1 total frames)
[01:09:29] Cache: 3 frames x 32400.0KB = 94.9MB budget (518400 rows/frame, 1 total frames)
[01:09:31]   Memory: hot=87.4MB + compressed_cold=193.5MB = 281.0MB (vs 2060.7MB full fp32)
[01:09:31]   RSS after setup: 39936MB
[01:09:33]     Batch 0: lat=750.2ms, RSS=40008MB
[01:09:48]     Batch 500: lat=7.8ms, RSS=40062MB
[01:10:03]     Batch 1000: lat=7.3ms, RSS=40128MB
[01:10:21]     Batch 1500: lat=9.1ms, RSS=40261MB
[01:10:25]   AUC=0.768613, Time=51.19s, RSS=40320MB
[01:10:25]   Hit rate=99.9%, Demand=8 (0.0/batch), Prefetch hits=0, Demand time=728ms
[01:10:25]   Compression: 1970.4MB fp32 -> 193.5MB (10.2x)
[01:10:25]   LRU cache: 8 frames = 253.1MB
[01:10:25]   Total memory: hot=87.4 + cold=193.5 + lru=253.1 = 534.1MB (vs 2060.7MB baseline, 3.9x)
[01:10:25]   Batch latency: mean=8.49ms
[01:10:25]   Cache: 99.9% hit | demand=1 (0.0/batch) | prefetch_hits=0 | demand_time=84ms | size=1/3
[01:10:25]   Cache: 99.9% hit | demand=1 (0.0/batch) | prefetch_hits=0 | demand_time=105ms | size=1/3
[01:10:25]   Cache: 99.9% hit | demand=1 (0.0/batch) | prefetch_hits=0 | demand_time=53ms | size=1/3
[01:10:25]   Cache: 99.9% hit | demand=1 (0.0/batch) | prefetch_hits=0 | demand_time=108ms | size=1/3
[01:10:25]   Cache: 99.9% hit | demand=1 (0.0/batch) | prefetch_hits=0 | demand_time=117ms | size=1/3
[01:10:25]   Cache: 99.9% hit | demand=1 (0.0/batch) | prefetch_hits=0 | demand_time=123ms | size=1/3
[01:10:25]   Cache: 99.9% hit | demand=1 (0.0/batch) | prefetch_hits=0 | demand_time=82ms | size=1/3
[01:10:25]   Cache: 99.9% hit | demand=1 (0.0/batch) | prefetch_hits=0 | demand_time=57ms | size=1/3
[01:10:27] 
--- 4K_nopred_cache5: 4K, cache=5, predictor=none, depth=1 ---
[01:10:27] Cache: 5 frames x 32400.0KB = 158.2MB budget (518400 rows/frame, 19 total frames)
[01:10:27] Cache: 5 frames x 32400.0KB = 158.2MB budget (518400 rows/frame, 5 total frames)
[01:10:27] Cache: 5 frames x 32400.0KB = 158.2MB budget (518400 rows/frame, 1 total frames)
[01:10:27] Cache: 5 frames x 32400.0KB = 158.2MB budget (518400 rows/frame, 16 total frames)
[01:10:27] Cache: 5 frames x 32400.0KB = 158.2MB budget (518400 rows/frame, 11 total frames)
[01:10:28] Cache: 5 frames x 32400.0KB = 158.2MB budget (518400 rows/frame, 14 total frames)
[01:10:28] Cache: 5 frames x 32400.0KB = 158.2MB budget (518400 rows/frame, 1 total frames)
[01:10:28] Cache: 5 frames x 32400.0KB = 158.2MB budget (518400 rows/frame, 1 total frames)
[01:10:29]   Memory: hot=87.4MB + compressed_cold=193.5MB = 281.0MB (vs 2060.7MB full fp32)
[01:10:29]   RSS after setup: 39948MB
[01:10:32]     Batch 0: lat=747.5ms, RSS=40011MB
[01:10:46]     Batch 500: lat=7.5ms, RSS=40061MB
[01:11:02]     Batch 1000: lat=7.4ms, RSS=40138MB
[01:11:20]     Batch 1500: lat=8.4ms, RSS=40268MB
[01:11:23]   AUC=0.768613, Time=50.82s, RSS=40326MB
[01:11:23]   Hit rate=99.9%, Demand=8 (0.0/batch), Prefetch hits=0, Demand time=732ms
[01:11:23]   Compression: 1970.4MB fp32 -> 193.5MB (10.2x)
[01:11:23]   LRU cache: 8 frames = 253.1MB
[01:11:23]   Total memory: hot=87.4 + cold=193.5 + lru=253.1 = 534.1MB (vs 2060.7MB baseline, 3.9x)
[01:11:23]   Batch latency: mean=8.34ms
[01:11:23]   Cache: 99.9% hit | demand=1 (0.0/batch) | prefetch_hits=0 | demand_time=78ms | size=1/5
[01:11:23]   Cache: 99.9% hit | demand=1 (0.0/batch) | prefetch_hits=0 | demand_time=106ms | size=1/5
[01:11:23]   Cache: 99.9% hit | demand=1 (0.0/batch) | prefetch_hits=0 | demand_time=48ms | size=1/5
[01:11:23]   Cache: 99.9% hit | demand=1 (0.0/batch) | prefetch_hits=0 | demand_time=110ms | size=1/5
[01:11:23]   Cache: 99.9% hit | demand=1 (0.0/batch) | prefetch_hits=0 | demand_time=115ms | size=1/5
[01:11:23]   Cache: 99.9% hit | demand=1 (0.0/batch) | prefetch_hits=0 | demand_time=136ms | size=1/5
[01:11:23]   Cache: 99.9% hit | demand=1 (0.0/batch) | prefetch_hits=0 | demand_time=88ms | size=1/5
[01:11:23]   Cache: 99.9% hit | demand=1 (0.0/batch) | prefetch_hits=0 | demand_time=50ms | size=1/5
[01:11:25] 
--- 4K_nopred_cache7: 4K, cache=7, predictor=none, depth=1 ---
[01:11:25] Cache: 7 frames x 32400.0KB = 221.5MB budget (518400 rows/frame, 19 total frames)
[01:11:25] Cache: 7 frames x 32400.0KB = 221.5MB budget (518400 rows/frame, 5 total frames)
[01:11:25] Cache: 7 frames x 32400.0KB = 221.5MB budget (518400 rows/frame, 1 total frames)
[01:11:26] Cache: 7 frames x 32400.0KB = 221.5MB budget (518400 rows/frame, 16 total frames)
[01:11:26] Cache: 7 frames x 32400.0KB = 221.5MB budget (518400 rows/frame, 11 total frames)
[01:11:26] Cache: 7 frames x 32400.0KB = 221.5MB budget (518400 rows/frame, 14 total frames)
[01:11:26] Cache: 7 frames x 32400.0KB = 221.5MB budget (518400 rows/frame, 1 total frames)
[01:11:26] Cache: 7 frames x 32400.0KB = 221.5MB budget (518400 rows/frame, 1 total frames)
[01:11:27]   Memory: hot=87.4MB + compressed_cold=193.5MB = 281.0MB (vs 2060.7MB full fp32)
[01:11:27]   RSS after setup: 39809MB
[01:11:30]     Batch 0: lat=741.0ms, RSS=39999MB
[01:11:45]     Batch 500: lat=7.6ms, RSS=40044MB
[01:12:00]     Batch 1000: lat=7.2ms, RSS=40122MB
[01:12:16]     Batch 1500: lat=8.8ms, RSS=40229MB
[01:12:20]   AUC=0.768613, Time=49.20s, RSS=40209MB
[01:12:20]   Hit rate=99.9%, Demand=8 (0.0/batch), Prefetch hits=0, Demand time=725ms
[01:12:20]   Compression: 1970.4MB fp32 -> 193.5MB (10.2x)
[01:12:20]   LRU cache: 8 frames = 253.1MB
[01:12:20]   Total memory: hot=87.4 + cold=193.5 + lru=253.1 = 534.1MB (vs 2060.7MB baseline, 3.9x)
[01:12:20]   Batch latency: mean=8.18ms
[01:12:20]   Cache: 99.9% hit | demand=1 (0.0/batch) | prefetch_hits=0 | demand_time=78ms | size=1/7
[01:12:20]   Cache: 99.9% hit | demand=1 (0.0/batch) | prefetch_hits=0 | demand_time=115ms | size=1/7
[01:12:20]   Cache: 99.9% hit | demand=1 (0.0/batch) | prefetch_hits=0 | demand_time=53ms | size=1/7
[01:12:20]   Cache: 99.9% hit | demand=1 (0.0/batch) | prefetch_hits=0 | demand_time=110ms | size=1/7
[01:12:20]   Cache: 99.9% hit | demand=1 (0.0/batch) | prefetch_hits=0 | demand_time=110ms | size=1/7
[01:12:20]   Cache: 99.9% hit | demand=1 (0.0/batch) | prefetch_hits=0 | demand_time=124ms | size=1/7
[01:12:20]   Cache: 99.9% hit | demand=1 (0.0/batch) | prefetch_hits=0 | demand_time=78ms | size=1/7
[01:12:20]   Cache: 99.9% hit | demand=1 (0.0/batch) | prefetch_hits=0 | demand_time=56ms | size=1/7
[01:12:22] 
--- 4K_nopred_cache10: 4K, cache=10, predictor=none, depth=1 ---
[01:12:23] Cache: 10 frames x 32400.0KB = 316.4MB budget (518400 rows/frame, 19 total frames)
[01:12:23] Cache: 10 frames x 32400.0KB = 316.4MB budget (518400 rows/frame, 5 total frames)
[01:12:23] Cache: 10 frames x 32400.0KB = 316.4MB budget (518400 rows/frame, 1 total frames)
[01:12:23] Cache: 10 frames x 32400.0KB = 316.4MB budget (518400 rows/frame, 16 total frames)
[01:12:23] Cache: 10 frames x 32400.0KB = 316.4MB budget (518400 rows/frame, 11 total frames)
[01:12:23] Cache: 10 frames x 32400.0KB = 316.4MB budget (518400 rows/frame, 14 total frames)
[01:12:23] Cache: 10 frames x 32400.0KB = 316.4MB budget (518400 rows/frame, 1 total frames)
[01:12:23] Cache: 10 frames x 32400.0KB = 316.4MB budget (518400 rows/frame, 1 total frames)
[01:12:25]   Memory: hot=87.4MB + compressed_cold=193.5MB = 281.0MB (vs 2060.7MB full fp32)
[01:12:25]   RSS after setup: 39967MB
[01:12:28]     Batch 0: lat=634.9ms, RSS=40005MB
[01:12:41]     Batch 500: lat=7.9ms, RSS=40052MB
[01:12:56]     Batch 1000: lat=7.2ms, RSS=40151MB
[01:13:13]     Batch 1500: lat=8.0ms, RSS=40255MB
[01:13:16]   AUC=0.768613, Time=47.82s, RSS=40313MB
[01:13:16]   Hit rate=99.9%, Demand=8 (0.0/batch), Prefetch hits=0, Demand time=620ms
[01:13:16]   Compression: 1970.4MB fp32 -> 193.5MB (10.2x)
[01:13:16]   LRU cache: 8 frames = 253.1MB
[01:13:16]   Total memory: hot=87.4 + cold=193.5 + lru=253.1 = 534.1MB (vs 2060.7MB baseline, 3.9x)
[01:13:16]   Batch latency: mean=8.13ms
[01:13:16]   Cache: 99.9% hit | demand=1 (0.0/batch) | prefetch_hits=0 | demand_time=71ms | size=1/10
[01:13:16]   Cache: 99.9% hit | demand=1 (0.0/batch) | prefetch_hits=0 | demand_time=75ms | size=1/10
[01:13:16]   Cache: 99.9% hit | demand=1 (0.0/batch) | prefetch_hits=0 | demand_time=42ms | size=1/10
[01:13:16]   Cache: 99.9% hit | demand=1 (0.0/batch) | prefetch_hits=0 | demand_time=93ms | size=1/10
[01:13:16]   Cache: 99.9% hit | demand=1 (0.0/batch) | prefetch_hits=0 | demand_time=95ms | size=1/10
[01:13:16]   Cache: 99.9% hit | demand=1 (0.0/batch) | prefetch_hits=0 | demand_time=114ms | size=1/10
[01:13:16]   Cache: 99.9% hit | demand=1 (0.0/batch) | prefetch_hits=0 | demand_time=74ms | size=1/10
[01:13:16]   Cache: 99.9% hit | demand=1 (0.0/batch) | prefetch_hits=0 | demand_time=55ms | size=1/10
[01:13:18] 
======================================================================
[01:13:18] GENERATING REPORTS
[01:13:18] ======================================================================
[01:13:18]   Saved: results/ondemand_results.json
[01:13:18] 
# On-Demand Codec Results

Date: 2026-02-25 01:13:18
Baseline AUC: 0.768613, Time: 55.80s

Config                              AUC Time(s)   Hit%    Hot   Cold    LRU   Total  Reduc     RSS    BLat
----------------------------------------------------------------------------------------------------------
4K_nopred_cache1               0.768613    57.3 99.9%    87M   194M   253M    534M   3.9x  40234M    8.8ms
4K_nopred_cache10              0.768613    47.8 99.9%    87M   194M   253M    534M   3.9x  40313M    8.1ms
4K_nopred_cache3               0.768613    51.2 99.9%    87M   194M   253M    534M   3.9x  40320M    8.5ms
4K_nopred_cache5               0.768613    50.8 99.9%    87M   194M   253M    534M   3.9x  40326M    8.3ms
4K_nopred_cache7               0.768613    49.2 99.9%    87M   194M   253M    534M   3.9x  40209M    8.2ms
A_baseline                     0.768613    55.8  0.0%  2061M     0M     0M   2061M   1.0x  41281M    4.6ms
[01:13:18] 
  Saved: results/ondemand_results.md
[01:13:18] 
======================================================================
[01:13:18] ALL ON-DEMAND EXPERIMENTS COMPLETE
[01:13:18] ======================================================================
[01:13:18] Final RSS: 41936MB
