[07:11:16] ======================================================================
[07:11:16] TRUE ON-DEMAND H.265 CODEC BENCHMARK
[07:11:16] Per-frame files, proper video resolution, no pre-decode
[07:11:16] ======================================================================
[07:11:16] RSS at start: 601MB
Unable to import mlperf_logging,  No module named 'mlperf_logging'
Unable to import onnx.  No module named 'onnx'
[07:11:16] Loading dataset...
Reading pre-processed data=/home/cc/input/kaggleAdDisplayChallenge_processed.npz
Sparse fea = 26, Dense fea = 13
Defined train indices...
Randomized indices across days ...
Split data according to indices...
Reading pre-processed data=/home/cc/input/kaggleAdDisplayChallenge_processed.npz
Sparse fea = 26, Dense fea = 13
Defined test indices...
Randomized indices across days ...
Split data according to indices...
[07:13:23] Loading model checkpoint...
[07:13:28] Model loaded. 26 tables, emb_dim=16
[07:13:29] Tables: 26, Large: [2, 3, 9, 11, 15, 20, 23, 25]
[07:13:29] C++ extension: ENABLED
[07:13:29] Total embedding memory: 2060.7MB
[07:13:29] 
Loading existing profiling and hot/cold data...
[07:13:31] Loaded profiling, hot/cold, and reorder data.
[07:13:31] 
Encoding for 1080p SKIPPED — already done
[07:13:31] 
Encoding for 4K SKIPPED — already done
[07:13:31] 
======================================================================
[07:13:31] INFERENCE BENCHMARKS — True On-Demand Decode
[07:13:31] ======================================================================
[07:13:31] 
--- Baseline: Full fp32 ---
/home/cc/expr/dlrm_minrui/dlrm_data_pytorch.py:328: UserWarning: Creating a tensor from a list of numpy.ndarrays is extremely slow. Please consider converting the list to a single numpy.ndarray with numpy.array() before converting to a tensor. (Triggered internally at /pytorch/torch/csrc/utils/tensor_new.cpp:253.)
  X_int = torch.log(torch.tensor(transposed_data[0], dtype=torch.float) + 1)
[07:13:34]     Batch 0
[07:13:48]     Batch 500
[07:14:08]     Batch 1000
[07:14:26]     Batch 1500
[07:14:34]   AUC=0.768613, Time=58.48s, RSS=41290MB
[07:14:34]   Batch latency: mean=5.16ms, p50=5.18ms, p99=7.25ms
[07:14:34] 
======================================================================
[07:14:34] EXPERIMENTS: 4K
[07:14:34] ======================================================================
[07:14:34] 
--- 4K_g8_disk_fp32hot: 4K, cache=8 (GLOBAL), decode=disk, predictor=none ---
[07:14:34]   Global cache: 8 frames total across all tables (uint8, ~63.3MB)
[07:14:34]   Table 2: using global cache (19 frames, 8100.0KB/frame uint8)
[07:14:34]   Table 3: using global cache (5 frames, 8100.0KB/frame uint8)
[07:14:34]   Table 9: using global cache (1 frames, 8100.0KB/frame uint8)
[07:14:34]   Table 11: using global cache (16 frames, 8100.0KB/frame uint8)
[07:14:34]   Table 15: using global cache (11 frames, 8100.0KB/frame uint8)
[07:14:34]   Table 20: using global cache (14 frames, 8100.0KB/frame uint8)
[07:14:34]   Table 23: using global cache (1 frames, 8100.0KB/frame uint8)
[07:14:34]   Table 25: using global cache (1 frames, 8100.0KB/frame uint8)
[07:14:36]   Memory: hot=87.4MB + compressed_cold=0 (on disk) = 87.4MB (vs 2060.7MB full fp32)
[07:14:36]   RSS after setup: 39599MB
[07:14:42]     Batch 0: lat=437.3ms, RSS=39643MB
[07:14:58]     Batch 500: lat=8.0ms, RSS=39719MB
[07:15:14]     Batch 1000: lat=7.8ms, RSS=39824MB
[07:15:32]     Batch 1500: lat=8.3ms, RSS=39918MB
[07:15:36]   AUC=0.768613, Time=52.99s, RSS=39923MB
[07:15:36]   Hit rate=99.9%, Demand=8 (0.0/batch), Prefetch hits=0, Demand time=406ms
[07:15:36]   Compression: 1970.4MB fp32 -> 193.5MB (10.2x)
[07:15:36]   LRU cache: 8 frames = 63.3MB
[07:15:36]   Total memory: hot=87.4 + cold=0.0 + lru=63.3 = 150.7MB (vs 2060.7MB baseline, 13.7x)
[07:15:36]   Batch latency: mean=8.36ms
[07:15:36]   Table 2 Cache: 99.9% hit | demand=1 (0.0/batch) | prefetch_hits=0 | demand_time=91ms
[07:15:36]   Table 3 Cache: 99.9% hit | demand=1 (0.0/batch) | prefetch_hits=0 | demand_time=54ms
[07:15:36]   Table 9 Cache: 99.9% hit | demand=1 (0.0/batch) | prefetch_hits=0 | demand_time=29ms
[07:15:36]   Table 11 Cache: 99.9% hit | demand=1 (0.0/batch) | prefetch_hits=0 | demand_time=47ms
[07:15:36]   Table 15 Cache: 99.9% hit | demand=1 (0.0/batch) | prefetch_hits=0 | demand_time=50ms
[07:15:36]   Table 20 Cache: 99.9% hit | demand=1 (0.0/batch) | prefetch_hits=0 | demand_time=59ms
[07:15:36]   Table 23 Cache: 99.9% hit | demand=1 (0.0/batch) | prefetch_hits=0 | demand_time=40ms
[07:15:36]   Table 25 Cache: 99.9% hit | demand=1 (0.0/batch) | prefetch_hits=0 | demand_time=34ms
[07:15:36]   GlobalCache: 8/8 frames, 99.9% hit rate, 0 evictions
[07:15:38] 
--- 4K_g8_disk_q8hot: 4K, cache=8 (GLOBAL), decode=disk, predictor=none ---
[07:15:38]   Global cache: 8 frames total across all tables (uint8, ~63.3MB)
[07:15:38]   Table 2: using global cache (19 frames, 8100.0KB/frame uint8)
[07:15:38]   Table 3: using global cache (5 frames, 8100.0KB/frame uint8)
[07:15:38]   Table 9: using global cache (1 frames, 8100.0KB/frame uint8)
[07:15:38]   Table 11: using global cache (16 frames, 8100.0KB/frame uint8)
[07:15:38]   Table 15: using global cache (11 frames, 8100.0KB/frame uint8)
[07:15:38]   Table 20: using global cache (14 frames, 8100.0KB/frame uint8)
[07:15:38]   Table 23: using global cache (1 frames, 8100.0KB/frame uint8)
[07:15:38]   Table 25: using global cache (1 frames, 8100.0KB/frame uint8)
[07:15:40]   Memory: hot=21.9MB + compressed_cold=0 (on disk) = 21.9MB (vs 2060.7MB full fp32)
[07:15:40]   RSS after setup: 39526MB
[07:15:42]     Batch 0: lat=412.4ms, RSS=39574MB
[07:15:58]     Batch 500: lat=8.0ms, RSS=39657MB
[07:16:16]     Batch 1000: lat=7.3ms, RSS=39747MB
[07:16:34]     Batch 1500: lat=8.0ms, RSS=39840MB
[07:16:38]   AUC=0.768619, Time=54.57s, RSS=39820MB
[07:16:38]   Hit rate=99.9%, Demand=8 (0.0/batch), Prefetch hits=0, Demand time=399ms
[07:16:38]   Compression: 1970.4MB fp32 -> 193.5MB (10.2x)
[07:16:38]   LRU cache: 8 frames = 63.3MB
[07:16:38]   Total memory: hot=21.9 + cold=0.0 + lru=63.3 = 85.1MB (vs 2060.7MB baseline, 24.2x)
[07:16:38]   Batch latency: mean=8.00ms
[07:16:38]   Table 2 Cache: 99.9% hit | demand=1 (0.0/batch) | prefetch_hits=0 | demand_time=45ms
[07:16:38]   Table 3 Cache: 99.9% hit | demand=1 (0.0/batch) | prefetch_hits=0 | demand_time=52ms
[07:16:38]   Table 9 Cache: 99.9% hit | demand=1 (0.0/batch) | prefetch_hits=0 | demand_time=35ms
[07:16:38]   Table 11 Cache: 99.9% hit | demand=1 (0.0/batch) | prefetch_hits=0 | demand_time=62ms
[07:16:38]   Table 15 Cache: 99.9% hit | demand=1 (0.0/batch) | prefetch_hits=0 | demand_time=65ms
[07:16:38]   Table 20 Cache: 99.9% hit | demand=1 (0.0/batch) | prefetch_hits=0 | demand_time=62ms
[07:16:38]   Table 23 Cache: 99.9% hit | demand=1 (0.0/batch) | prefetch_hits=0 | demand_time=40ms
[07:16:38]   Table 25 Cache: 99.9% hit | demand=1 (0.0/batch) | prefetch_hits=0 | demand_time=37ms
[07:16:38]   GlobalCache: 8/8 frames, 99.9% hit rate, 0 evictions
[07:16:40] 
--- 4K_g8_inmem_fp32hot: 4K, cache=8 (GLOBAL), decode=in-memory, predictor=none ---
[07:16:40]   Global cache: 8 frames total across all tables (uint8, ~63.3MB)
[07:16:40]   Table 2: using global cache (19 frames, 8100.0KB/frame uint8)
[07:16:40]   Table 3: using global cache (5 frames, 8100.0KB/frame uint8)
[07:16:40]   Table 9: using global cache (1 frames, 8100.0KB/frame uint8)
[07:16:40]   Table 11: using global cache (16 frames, 8100.0KB/frame uint8)
[07:16:40]   Table 15: using global cache (11 frames, 8100.0KB/frame uint8)
[07:16:40]   Table 20: using global cache (14 frames, 8100.0KB/frame uint8)
[07:16:40]   Table 23: using global cache (1 frames, 8100.0KB/frame uint8)
[07:16:40]   Table 25: using global cache (1 frames, 8100.0KB/frame uint8)
[07:16:42]   Memory: hot=87.4MB + compressed_cold=193.5MB = 281.0MB (vs 2060.7MB full fp32)
[07:16:42]   RSS after setup: 39805MB
[07:16:45]     Batch 0: lat=624.1ms, RSS=39841MB
[07:16:59]     Batch 500: lat=7.4ms, RSS=39913MB
[07:17:14]     Batch 1000: lat=7.2ms, RSS=40018MB
[07:17:31]     Batch 1500: lat=7.5ms, RSS=40114MB
[07:17:35]   AUC=0.768613, Time=49.49s, RSS=40091MB
[07:17:35]   Hit rate=99.9%, Demand=8 (0.0/batch), Prefetch hits=0, Demand time=608ms
[07:17:35]   Compression: 1970.4MB fp32 -> 193.5MB (10.2x)
[07:17:35]   LRU cache: 8 frames = 63.3MB
[07:17:35]   Total memory: hot=87.4 + cold=193.5 + lru=63.3 = 344.2MB (vs 2060.7MB baseline, 6.0x)
[07:17:35]   Batch latency: mean=7.84ms
[07:17:35]   Table 2 Cache: 99.9% hit | demand=1 (0.0/batch) | prefetch_hits=0 | demand_time=53ms
[07:17:35]   Table 3 Cache: 99.9% hit | demand=1 (0.0/batch) | prefetch_hits=0 | demand_time=78ms
[07:17:35]   Table 9 Cache: 99.9% hit | demand=1 (0.0/batch) | prefetch_hits=0 | demand_time=42ms
[07:17:35]   Table 11 Cache: 99.9% hit | demand=1 (0.0/batch) | prefetch_hits=0 | demand_time=84ms
[07:17:35]   Table 15 Cache: 99.9% hit | demand=1 (0.0/batch) | prefetch_hits=0 | demand_time=99ms
[07:17:35]   Table 20 Cache: 99.9% hit | demand=1 (0.0/batch) | prefetch_hits=0 | demand_time=113ms
[07:17:35]   Table 23 Cache: 99.9% hit | demand=1 (0.0/batch) | prefetch_hits=0 | demand_time=73ms
[07:17:35]   Table 25 Cache: 99.9% hit | demand=1 (0.0/batch) | prefetch_hits=0 | demand_time=65ms
[07:17:35]   GlobalCache: 8/8 frames, 99.9% hit rate, 0 evictions
[07:17:37] 
--- 4K_g5_disk_fp32hot: 4K, cache=5 (GLOBAL), decode=disk, predictor=none ---
[07:17:38]   Global cache: 5 frames total across all tables (uint8, ~39.6MB)
[07:17:38]   Table 2: using global cache (19 frames, 8100.0KB/frame uint8)
[07:17:38]   Table 3: using global cache (5 frames, 8100.0KB/frame uint8)
[07:17:38]   Table 9: using global cache (1 frames, 8100.0KB/frame uint8)
[07:17:38]   Table 11: using global cache (16 frames, 8100.0KB/frame uint8)
[07:17:38]   Table 15: using global cache (11 frames, 8100.0KB/frame uint8)
[07:17:38]   Table 20: using global cache (14 frames, 8100.0KB/frame uint8)
[07:17:38]   Table 23: using global cache (1 frames, 8100.0KB/frame uint8)
[07:17:38]   Table 25: using global cache (1 frames, 8100.0KB/frame uint8)
[07:17:39]   Memory: hot=87.4MB + compressed_cold=0 (on disk) = 87.4MB (vs 2060.7MB full fp32)
[07:17:39]   RSS after setup: 39692MB
[07:17:42]     Batch 0: lat=394.0ms, RSS=39702MB
[07:21:42]     Batch 500: lat=523.4ms, RSS=39747MB
[07:26:06]     Batch 1000: lat=651.8ms, RSS=39841MB
[07:30:16]     Batch 1500: lat=377.8ms, RSS=39922MB
[07:31:08]   AUC=0.768613, Time=804.86s, RSS=39936MB
[07:31:08]   Hit rate=0.0%, Demand=12792 (1.0/batch), Prefetch hits=0, Demand time=721706ms
[07:31:08]   Compression: 1970.4MB fp32 -> 193.5MB (10.2x)
[07:31:08]   LRU cache: 5 frames = 39.6MB
[07:31:08]   Total memory: hot=87.4 + cold=0.0 + lru=39.6 = 127.0MB (vs 2060.7MB baseline, 16.2x)
[07:31:08]   Batch latency: mean=465.48ms
[07:31:08]   Table 2 Cache: 0.0% hit | demand=1599 (1.0/batch) | prefetch_hits=0 | demand_time=86976ms
[07:31:08]   Table 3 Cache: 0.0% hit | demand=1599 (1.0/batch) | prefetch_hits=0 | demand_time=99867ms
[07:31:08]   Table 9 Cache: 0.0% hit | demand=1599 (1.0/batch) | prefetch_hits=0 | demand_time=56823ms
[07:31:08]   Table 11 Cache: 0.0% hit | demand=1599 (1.0/batch) | prefetch_hits=0 | demand_time=100828ms
[07:31:08]   Table 15 Cache: 0.0% hit | demand=1599 (1.0/batch) | prefetch_hits=0 | demand_time=107051ms
[07:31:08]   Table 20 Cache: 0.0% hit | demand=1599 (1.0/batch) | prefetch_hits=0 | demand_time=120278ms
[07:31:08]   Table 23 Cache: 0.0% hit | demand=1599 (1.0/batch) | prefetch_hits=0 | demand_time=83421ms
[07:31:08]   Table 25 Cache: 0.0% hit | demand=1599 (1.0/batch) | prefetch_hits=0 | demand_time=66461ms
[07:31:08]   GlobalCache: 5/5 frames, 33.3% hit rate, 12787 evictions
[07:31:10] 
--- 4K_g7_disk_fp32hot: 4K, cache=7 (GLOBAL), decode=disk, predictor=none ---
[07:31:10]   Global cache: 7 frames total across all tables (uint8, ~55.4MB)
[07:31:10]   Table 2: using global cache (19 frames, 8100.0KB/frame uint8)
[07:31:10]   Table 3: using global cache (5 frames, 8100.0KB/frame uint8)
[07:31:10]   Table 9: using global cache (1 frames, 8100.0KB/frame uint8)
[07:31:10]   Table 11: using global cache (16 frames, 8100.0KB/frame uint8)
[07:31:10]   Table 15: using global cache (11 frames, 8100.0KB/frame uint8)
[07:31:10]   Table 20: using global cache (14 frames, 8100.0KB/frame uint8)
[07:31:10]   Table 23: using global cache (1 frames, 8100.0KB/frame uint8)
[07:31:10]   Table 25: using global cache (1 frames, 8100.0KB/frame uint8)
[07:31:12]   Memory: hot=87.4MB + compressed_cold=0 (on disk) = 87.4MB (vs 2060.7MB full fp32)
[07:31:12]   RSS after setup: 39685MB
[07:31:15]     Batch 0: lat=375.3ms, RSS=39686MB
[07:35:19]     Batch 500: lat=566.3ms, RSS=39743MB
[07:39:21]     Batch 1000: lat=389.1ms, RSS=39836MB
[07:43:29]     Batch 1500: lat=476.5ms, RSS=39950MB
[07:44:16]   AUC=0.768613, Time=780.16s, RSS=39926MB
[07:44:16]   Hit rate=0.0%, Demand=12792 (1.0/batch), Prefetch hits=0, Demand time=699203ms
[07:44:16]   Compression: 1970.4MB fp32 -> 193.5MB (10.2x)
[07:44:16]   LRU cache: 7 frames = 55.4MB
[07:44:16]   Total memory: hot=87.4 + cold=0.0 + lru=55.4 = 142.8MB (vs 2060.7MB baseline, 14.4x)
[07:44:16]   Batch latency: mean=451.08ms
[07:44:16]   Table 2 Cache: 0.0% hit | demand=1599 (1.0/batch) | prefetch_hits=0 | demand_time=84919ms
[07:44:16]   Table 3 Cache: 0.0% hit | demand=1599 (1.0/batch) | prefetch_hits=0 | demand_time=97898ms
[07:44:16]   Table 9 Cache: 0.0% hit | demand=1599 (1.0/batch) | prefetch_hits=0 | demand_time=55307ms
[07:44:16]   Table 11 Cache: 0.0% hit | demand=1599 (1.0/batch) | prefetch_hits=0 | demand_time=97998ms
[07:44:16]   Table 15 Cache: 0.0% hit | demand=1599 (1.0/batch) | prefetch_hits=0 | demand_time=103104ms
[07:44:16]   Table 20 Cache: 0.0% hit | demand=1599 (1.0/batch) | prefetch_hits=0 | demand_time=115289ms
[07:44:16]   Table 23 Cache: 0.0% hit | demand=1599 (1.0/batch) | prefetch_hits=0 | demand_time=80305ms
[07:44:16]   Table 25 Cache: 0.0% hit | demand=1599 (1.0/batch) | prefetch_hits=0 | demand_time=64383ms
[07:44:16]   GlobalCache: 7/7 frames, 33.3% hit rate, 12785 evictions
[07:44:18] 
--- 4K_g10_disk_fp32hot: 4K, cache=10 (GLOBAL), decode=disk, predictor=none ---
[07:44:19]   Global cache: 10 frames total across all tables (uint8, ~79.1MB)
[07:44:19]   Table 2: using global cache (19 frames, 8100.0KB/frame uint8)
[07:44:19]   Table 3: using global cache (5 frames, 8100.0KB/frame uint8)
[07:44:19]   Table 9: using global cache (1 frames, 8100.0KB/frame uint8)
[07:44:19]   Table 11: using global cache (16 frames, 8100.0KB/frame uint8)
[07:44:19]   Table 15: using global cache (11 frames, 8100.0KB/frame uint8)
[07:44:19]   Table 20: using global cache (14 frames, 8100.0KB/frame uint8)
[07:44:19]   Table 23: using global cache (1 frames, 8100.0KB/frame uint8)
[07:44:19]   Table 25: using global cache (1 frames, 8100.0KB/frame uint8)
[07:44:21]   Memory: hot=87.4MB + compressed_cold=0 (on disk) = 87.4MB (vs 2060.7MB full fp32)
[07:44:21]   RSS after setup: 39697MB
[07:44:24]     Batch 0: lat=394.5ms, RSS=39697MB
[07:44:37]     Batch 500: lat=8.6ms, RSS=39742MB
[07:44:52]     Batch 1000: lat=7.2ms, RSS=39833MB
[07:45:09]     Batch 1500: lat=7.9ms, RSS=39950MB
[07:45:13]   AUC=0.768613, Time=48.33s, RSS=40009MB
[07:45:13]   Hit rate=99.9%, Demand=8 (0.0/batch), Prefetch hits=0, Demand time=381ms
[07:45:13]   Compression: 1970.4MB fp32 -> 193.5MB (10.2x)
[07:45:13]   LRU cache: 8 frames = 63.3MB
[07:45:13]   Total memory: hot=87.4 + cold=0.0 + lru=63.3 = 150.7MB (vs 2060.7MB baseline, 13.7x)
[07:45:13]   Batch latency: mean=7.87ms
[07:45:13]   Table 2 Cache: 99.9% hit | demand=1 (0.0/batch) | prefetch_hits=0 | demand_time=46ms
[07:45:13]   Table 3 Cache: 99.9% hit | demand=1 (0.0/batch) | prefetch_hits=0 | demand_time=54ms
[07:45:13]   Table 9 Cache: 99.9% hit | demand=1 (0.0/batch) | prefetch_hits=0 | demand_time=33ms
[07:45:13]   Table 11 Cache: 99.9% hit | demand=1 (0.0/batch) | prefetch_hits=0 | demand_time=59ms
[07:45:13]   Table 15 Cache: 99.9% hit | demand=1 (0.0/batch) | prefetch_hits=0 | demand_time=63ms
[07:45:13]   Table 20 Cache: 99.9% hit | demand=1 (0.0/batch) | prefetch_hits=0 | demand_time=58ms
[07:45:13]   Table 23 Cache: 99.9% hit | demand=1 (0.0/batch) | prefetch_hits=0 | demand_time=38ms
[07:45:13]   Table 25 Cache: 99.9% hit | demand=1 (0.0/batch) | prefetch_hits=0 | demand_time=31ms
[07:45:13]   GlobalCache: 8/10 frames, 99.9% hit rate, 0 evictions
[07:45:15] 
--- 4K_pertable1_inmem: 4K, cache=1 (per-table), decode=in-memory, predictor=none ---
[07:45:16] Cache: 1 frames x 32400.0KB = 31.6MB budget (518400 rows/frame, 19 total frames)
[07:45:16] Cache: 1 frames x 32400.0KB = 31.6MB budget (518400 rows/frame, 5 total frames)
[07:45:16] Cache: 1 frames x 32400.0KB = 31.6MB budget (518400 rows/frame, 1 total frames)
[07:45:16] Cache: 1 frames x 32400.0KB = 31.6MB budget (518400 rows/frame, 16 total frames)
[07:45:16] Cache: 1 frames x 32400.0KB = 31.6MB budget (518400 rows/frame, 11 total frames)
[07:45:16] Cache: 1 frames x 32400.0KB = 31.6MB budget (518400 rows/frame, 14 total frames)
[07:45:16] Cache: 1 frames x 32400.0KB = 31.6MB budget (518400 rows/frame, 1 total frames)
[07:45:16] Cache: 1 frames x 32400.0KB = 31.6MB budget (518400 rows/frame, 1 total frames)
[07:45:18]   Memory: hot=87.4MB + compressed_cold=193.5MB = 281.0MB (vs 2060.7MB full fp32)
[07:45:18]   RSS after setup: 39826MB
[07:45:21]     Batch 0: lat=743.6ms, RSS=40020MB
[07:45:34]     Batch 500: lat=7.5ms, RSS=40055MB
[07:45:51]     Batch 1000: lat=7.1ms, RSS=40141MB
[07:46:07]     Batch 1500: lat=7.6ms, RSS=40241MB
[07:46:11]   AUC=0.768613, Time=49.71s, RSS=40300MB
[07:46:11]   Hit rate=99.9%, Demand=8 (0.0/batch), Prefetch hits=0, Demand time=729ms
[07:46:11]   Compression: 1970.4MB fp32 -> 193.5MB (10.2x)
[07:46:11]   LRU cache: 8 frames = 253.1MB
[07:46:11]   Total memory: hot=87.4 + cold=193.5 + lru=253.1 = 534.1MB (vs 2060.7MB baseline, 3.9x)
[07:46:11]   Batch latency: mean=7.80ms
[07:46:11]   Table 2 Cache: 99.9% hit | demand=1 (0.0/batch) | prefetch_hits=0 | demand_time=84ms
[07:46:11]   Table 3 Cache: 99.9% hit | demand=1 (0.0/batch) | prefetch_hits=0 | demand_time=104ms
[07:46:11]   Table 9 Cache: 99.9% hit | demand=1 (0.0/batch) | prefetch_hits=0 | demand_time=59ms
[07:46:11]   Table 11 Cache: 99.9% hit | demand=1 (0.0/batch) | prefetch_hits=0 | demand_time=103ms
[07:46:11]   Table 15 Cache: 99.9% hit | demand=1 (0.0/batch) | prefetch_hits=0 | demand_time=119ms
[07:46:11]   Table 20 Cache: 99.9% hit | demand=1 (0.0/batch) | prefetch_hits=0 | demand_time=124ms
[07:46:11]   Table 23 Cache: 99.9% hit | demand=1 (0.0/batch) | prefetch_hits=0 | demand_time=78ms
[07:46:11]   Table 25 Cache: 99.9% hit | demand=1 (0.0/batch) | prefetch_hits=0 | demand_time=56ms
[07:46:14] 
======================================================================
[07:46:14] GENERATING REPORTS
[07:46:14] ======================================================================
[07:46:14]   Saved: results/ondemand_results.json
[07:46:14] 
# On-Demand Codec Results

Date: 2026-02-25 07:46:14
Baseline AUC: 0.768613, Time: 58.48s

Config                              AUC Time(s)   Hit%    Hot   Cold    LRU   Total  Reduc     RSS    BLat
----------------------------------------------------------------------------------------------------------
4K_g10_disk_fp32hot            0.768613    48.3 99.9%    87M     0M    63M    151M  13.7x  40009M    7.9ms
4K_g5_disk_fp32hot             0.768613   804.9  0.0%    87M     0M    40M    127M  16.2x  39936M  465.5ms
4K_g7_disk_fp32hot             0.768613   780.2  0.0%    87M     0M    55M    143M  14.4x  39926M  451.1ms
4K_g8_disk_fp32hot             0.768613    53.0 99.9%    87M     0M    63M    151M  13.7x  39923M    8.4ms
4K_g8_disk_q8hot               0.768619    54.6 99.9%    22M     0M    63M     85M  24.2x  39820M    8.0ms
4K_g8_inmem_fp32hot            0.768613    49.5 99.9%    87M   194M    63M    344M   6.0x  40091M    7.8ms
4K_pertable1_inmem             0.768613    49.7 99.9%    87M   194M   253M    534M   3.9x  40300M    7.8ms
A_baseline                     0.768613    58.5  0.0%  2061M     0M     0M   2061M   1.0x  41290M    5.2ms
[07:46:14] 
  Saved: results/ondemand_results.md
[07:46:14] 
======================================================================
[07:46:14] ALL ON-DEMAND EXPERIMENTS COMPLETE
[07:46:14] ======================================================================
[07:46:14] Final RSS: 41611MB
