[09:26:44] ======================================================================
[09:26:44] TRUE ON-DEMAND H.265 CODEC BENCHMARK
[09:26:44] Per-frame files, proper video resolution, no pre-decode
[09:26:44] ======================================================================
[09:26:44] RSS at start: 600MB
Unable to import mlperf_logging,  No module named 'mlperf_logging'
Unable to import onnx.  No module named 'onnx'
[09:26:44] Loading dataset...
Reading pre-processed data=/home/cc/input/kaggleAdDisplayChallenge_processed.npz
Sparse fea = 26, Dense fea = 13
Defined train indices...
Randomized indices across days ...
Split data according to indices...
Reading pre-processed data=/home/cc/input/kaggleAdDisplayChallenge_processed.npz
Sparse fea = 26, Dense fea = 13
Defined test indices...
Randomized indices across days ...
Split data according to indices...
[09:28:52] Loading model checkpoint...
[09:28:57] Model loaded. 26 tables, emb_dim=16
[09:28:58] Tables: 26, Large: [2, 3, 9, 11, 15, 20, 23, 25]
[09:28:58] C++ extension: ENABLED
[09:28:58] Total embedding memory: 2060.7MB
[09:28:58] 
Loading existing profiling and hot/cold data...
[09:28:59] Loaded profiling, hot/cold, and reorder data.
[09:28:59] 
Encoding for 1080p SKIPPED — already done
[09:28:59] 
Encoding for 4K SKIPPED — already done
[09:28:59] 
======================================================================
[09:28:59] INFERENCE BENCHMARKS — True On-Demand Decode
[09:28:59] ======================================================================
[09:28:59] 
--- Baseline: Full fp32 ---
/home/cc/expr/dlrm_minrui/dlrm_data_pytorch.py:328: UserWarning: Creating a tensor from a list of numpy.ndarrays is extremely slow. Please consider converting the list to a single numpy.ndarray with numpy.array() before converting to a tensor. (Triggered internally at /pytorch/torch/csrc/utils/tensor_new.cpp:253.)
  X_int = torch.log(torch.tensor(transposed_data[0], dtype=torch.float) + 1)
[09:29:03]     Batch 0
[09:29:15]     Batch 500
[09:29:30]     Batch 1000
[09:29:49]     Batch 1500
[09:29:59]   AUC=0.768613, Time=54.83s, RSS=41274MB
[09:29:59]   Batch latency: mean=4.56ms, p50=4.20ms, p99=6.55ms
[09:29:59] 
======================================================================
[09:29:59] EXPERIMENTS: 4K
[09:29:59] ======================================================================
[09:29:59] 
--- 4K_g8_disk_fp32hot: 4K, cache=8 (GLOBAL), decode=disk, predictor=none ---
[09:29:59]   Global cache: 8 frames total across all tables (uint8, ~63.3MB)
[09:29:59]   Table 2: using global cache (19 frames, 8100.0KB/frame uint8)
[09:29:59]   Table 3: using global cache (5 frames, 8100.0KB/frame uint8)
[09:29:59]   Table 9: using global cache (1 frames, 8100.0KB/frame uint8)
[09:29:59]   Table 11: using global cache (16 frames, 8100.0KB/frame uint8)
[09:29:59]   Table 15: using global cache (11 frames, 8100.0KB/frame uint8)
[09:29:59]   Table 20: using global cache (14 frames, 8100.0KB/frame uint8)
[09:29:59]   Table 23: using global cache (1 frames, 8100.0KB/frame uint8)
[09:29:59]   Table 25: using global cache (1 frames, 8100.0KB/frame uint8)
[09:30:01]   Memory: hot=87.4MB + compressed_cold=0 (on disk) = 87.4MB (vs 2060.7MB full fp32)
[09:30:01]   RSS after setup: 39542MB
[09:30:01]   Fast apply_emb enabled (bypasses nn.Module.__call__)
[09:30:05]     Batch 0: lat=456.6ms, RSS=39549MB
[09:30:21]     Batch 500: lat=7.6ms, RSS=39620MB
[09:30:39]     Batch 1000: lat=7.3ms, RSS=39723MB
[09:31:05]     Batch 1500: lat=7.8ms, RSS=39818MB
[09:31:09]   AUC=0.768613, Time=63.41s, RSS=39876MB
[09:31:09]   Hit rate=99.9%, Demand=8 (0.0/batch), Prefetch hits=0, Demand time=427ms
[09:31:09]   Compression: 1970.4MB fp32 -> 193.5MB (10.2x)
[09:31:09]   LRU cache: 8 frames = 63.3MB
[09:31:09]   Mapping: 128.6MB (merged int32)
[09:31:09]   Total memory: hot=87.4 + cold=0.0 + lru=63.3 + map=128.6 = 279.3MB (vs 2060.7MB baseline, 7.4x)
[09:31:09]   Batch latency: mean=8.18ms
[09:31:09]   Table 2 Cache: 99.9% hit | demand=1 (0.0/batch) | prefetch_hits=0 | demand_time=85ms
[09:31:09]   Table 3 Cache: 99.9% hit | demand=1 (0.0/batch) | prefetch_hits=0 | demand_time=52ms
[09:31:09]   Table 9 Cache: 99.9% hit | demand=1 (0.0/batch) | prefetch_hits=0 | demand_time=49ms
[09:31:09]   Table 11 Cache: 99.9% hit | demand=1 (0.0/batch) | prefetch_hits=0 | demand_time=55ms
[09:31:09]   Table 15 Cache: 99.9% hit | demand=1 (0.0/batch) | prefetch_hits=0 | demand_time=57ms
[09:31:09]   Table 20 Cache: 99.9% hit | demand=1 (0.0/batch) | prefetch_hits=0 | demand_time=56ms
[09:31:09]   Table 23 Cache: 99.9% hit | demand=1 (0.0/batch) | prefetch_hits=0 | demand_time=40ms
[09:31:09]   Table 25 Cache: 99.9% hit | demand=1 (0.0/batch) | prefetch_hits=0 | demand_time=33ms
[09:31:09]   GlobalCache: 8/8 frames, 99.9% hit rate, 0 evictions
[09:31:12] 
--- 4K_g8_disk_q8hot: 4K, cache=8 (GLOBAL), decode=disk, predictor=none ---
[09:31:12]   Global cache: 8 frames total across all tables (uint8, ~63.3MB)
[09:31:12]   Table 2: using global cache (19 frames, 8100.0KB/frame uint8)
[09:31:12]   Table 3: using global cache (5 frames, 8100.0KB/frame uint8)
[09:31:12]   Table 9: using global cache (1 frames, 8100.0KB/frame uint8)
[09:31:12]   Table 11: using global cache (16 frames, 8100.0KB/frame uint8)
[09:31:12]   Table 15: using global cache (11 frames, 8100.0KB/frame uint8)
[09:31:12]   Table 20: using global cache (14 frames, 8100.0KB/frame uint8)
[09:31:13]   Table 23: using global cache (1 frames, 8100.0KB/frame uint8)
[09:31:13]   Table 25: using global cache (1 frames, 8100.0KB/frame uint8)
[09:31:16]   Memory: hot=21.9MB + compressed_cold=0 (on disk) = 21.9MB (vs 2060.7MB full fp32)
[09:31:16]   RSS after setup: 39563MB
[09:31:16]   Fast apply_emb enabled (bypasses nn.Module.__call__)
[09:31:19]     Batch 0: lat=425.0ms, RSS=39572MB
[09:31:37]     Batch 500: lat=7.8ms, RSS=39627MB
[09:31:56]     Batch 1000: lat=7.3ms, RSS=39690MB
[09:32:19]     Batch 1500: lat=7.7ms, RSS=39753MB
[09:32:23]   AUC=0.768619, Time=63.02s, RSS=39744MB
[09:32:23]   Hit rate=99.9%, Demand=8 (0.0/batch), Prefetch hits=0, Demand time=407ms
[09:32:23]   Compression: 1970.4MB fp32 -> 193.5MB (10.2x)
[09:32:23]   LRU cache: 8 frames = 63.3MB
[09:32:23]   Mapping: 128.6MB (merged int32)
[09:32:23]   Total memory: hot=21.9 + cold=0.0 + lru=63.3 + map=128.6 = 213.8MB (vs 2060.7MB baseline, 9.6x)
[09:32:23]   Batch latency: mean=7.95ms
[09:32:23]   Table 2 Cache: 99.9% hit | demand=1 (0.0/batch) | prefetch_hits=0 | demand_time=53ms
[09:32:23]   Table 3 Cache: 99.9% hit | demand=1 (0.0/batch) | prefetch_hits=0 | demand_time=53ms
[09:32:23]   Table 9 Cache: 99.9% hit | demand=1 (0.0/batch) | prefetch_hits=0 | demand_time=52ms
[09:32:23]   Table 11 Cache: 99.9% hit | demand=1 (0.0/batch) | prefetch_hits=0 | demand_time=54ms
[09:32:23]   Table 15 Cache: 99.9% hit | demand=1 (0.0/batch) | prefetch_hits=0 | demand_time=56ms
[09:32:23]   Table 20 Cache: 99.9% hit | demand=1 (0.0/batch) | prefetch_hits=0 | demand_time=63ms
[09:32:23]   Table 23 Cache: 99.9% hit | demand=1 (0.0/batch) | prefetch_hits=0 | demand_time=42ms
[09:32:23]   Table 25 Cache: 99.9% hit | demand=1 (0.0/batch) | prefetch_hits=0 | demand_time=35ms
[09:32:23]   GlobalCache: 8/8 frames, 99.9% hit rate, 0 evictions
[09:32:27] 
======================================================================
[09:32:27] EXPERIMENTS: 1080p
[09:32:27] ======================================================================
[09:32:27] 
--- 1080p_g32_disk_q8hot: 1080p, cache=32 (GLOBAL), decode=disk, predictor=none ---
[09:32:27]   Global cache: 32 frames total across all tables (uint8, ~63.3MB)
[09:32:27]   Table 2: using global cache (75 frames, 2025.0KB/frame uint8)
[09:32:27]   Table 3: using global cache (17 frames, 2025.0KB/frame uint8)
[09:32:27]   Table 9: using global cache (1 frames, 2025.0KB/frame uint8)
[09:32:27]   Table 11: using global cache (62 frames, 2025.0KB/frame uint8)
[09:32:27]   Table 15: using global cache (41 frames, 2025.0KB/frame uint8)
[09:32:27]   Table 20: using global cache (53 frames, 2025.0KB/frame uint8)
[09:32:27]   Table 23: using global cache (3 frames, 2025.0KB/frame uint8)
[09:32:27]   Table 25: using global cache (2 frames, 2025.0KB/frame uint8)
[09:32:29]   Memory: hot=21.9MB + compressed_cold=0 (on disk) = 21.9MB (vs 2060.7MB full fp32)
[09:32:29]   RSS after setup: 39657MB
[09:32:29]   Fast apply_emb enabled (bypasses nn.Module.__call__)
[09:32:32]     Batch 0: lat=179.0ms, RSS=39657MB
[09:32:50]     Batch 500: lat=7.5ms, RSS=39716MB
[09:33:09]     Batch 1000: lat=7.5ms, RSS=39779MB
[09:33:28]     Batch 1500: lat=7.8ms, RSS=39842MB
[09:33:32]   AUC=0.768619, Time=58.46s, RSS=39880MB
[09:33:32]   Hit rate=99.8%, Demand=22 (0.0/batch), Prefetch hits=0, Demand time=418ms
[09:33:32]   Compression: 1970.4MB fp32 -> 195.9MB (10.1x)
[09:33:32]   LRU cache: 22 frames = 43.5MB
[09:33:32]   Mapping: 128.6MB (merged int32)
[09:33:32]   Total memory: hot=21.9 + cold=0.0 + lru=43.5 + map=128.6 = 194.0MB (vs 2060.7MB baseline, 10.6x)
[09:33:32]   Batch latency: mean=8.08ms
[09:33:32]   Table 2 Cache: 99.8% hit | demand=4 (0.0/batch) | prefetch_hits=0 | demand_time=66ms
[09:33:32]   Table 3 Cache: 99.9% hit | demand=3 (0.0/batch) | prefetch_hits=0 | demand_time=66ms
[09:33:32]   Table 9 Cache: 99.9% hit | demand=1 (0.0/batch) | prefetch_hits=0 | demand_time=19ms
[09:33:32]   Table 11 Cache: 99.8% hit | demand=4 (0.0/batch) | prefetch_hits=0 | demand_time=78ms
[09:33:32]   Table 15 Cache: 99.8% hit | demand=4 (0.0/batch) | prefetch_hits=0 | demand_time=71ms
[09:33:32]   Table 20 Cache: 99.8% hit | demand=4 (0.0/batch) | prefetch_hits=0 | demand_time=75ms
[09:33:32]   Table 23 Cache: 99.9% hit | demand=1 (0.0/batch) | prefetch_hits=0 | demand_time=22ms
[09:33:32]   Table 25 Cache: 99.9% hit | demand=1 (0.0/batch) | prefetch_hits=0 | demand_time=22ms
[09:33:32]   GlobalCache: 22/32 frames, 99.8% hit rate, 0 evictions
[09:33:34] 
--- 1080p_g32_disk_fp32hot: 1080p, cache=32 (GLOBAL), decode=disk, predictor=none ---
[09:33:34]   Global cache: 32 frames total across all tables (uint8, ~63.3MB)
[09:33:34]   Table 2: using global cache (75 frames, 2025.0KB/frame uint8)
[09:33:34]   Table 3: using global cache (17 frames, 2025.0KB/frame uint8)
[09:33:34]   Table 9: using global cache (1 frames, 2025.0KB/frame uint8)
[09:33:34]   Table 11: using global cache (62 frames, 2025.0KB/frame uint8)
[09:33:34]   Table 15: using global cache (41 frames, 2025.0KB/frame uint8)
[09:33:34]   Table 20: using global cache (53 frames, 2025.0KB/frame uint8)
[09:33:34]   Table 23: using global cache (3 frames, 2025.0KB/frame uint8)
[09:33:34]   Table 25: using global cache (2 frames, 2025.0KB/frame uint8)
[09:33:36]   Memory: hot=87.4MB + compressed_cold=0 (on disk) = 87.4MB (vs 2060.7MB full fp32)
[09:33:36]   RSS after setup: 39648MB
[09:33:36]   Fast apply_emb enabled (bypasses nn.Module.__call__)
[09:33:39]     Batch 0: lat=200.3ms, RSS=39649MB
[09:33:54]     Batch 500: lat=7.6ms, RSS=39703MB
[09:34:10]     Batch 1000: lat=7.2ms, RSS=39766MB
[09:34:29]     Batch 1500: lat=8.0ms, RSS=39829MB
[09:34:32]   AUC=0.768613, Time=52.53s, RSS=39884MB
[09:34:32]   Hit rate=99.8%, Demand=22 (0.0/batch), Prefetch hits=0, Demand time=412ms
[09:34:32]   Compression: 1970.4MB fp32 -> 195.9MB (10.1x)
[09:34:32]   LRU cache: 22 frames = 43.5MB
[09:34:32]   Mapping: 128.6MB (merged int32)
[09:34:32]   Total memory: hot=87.4 + cold=0.0 + lru=43.5 + map=128.6 = 259.6MB (vs 2060.7MB baseline, 7.9x)
[09:34:32]   Batch latency: mean=7.96ms
[09:34:32]   Table 2 Cache: 99.8% hit | demand=4 (0.0/batch) | prefetch_hits=0 | demand_time=64ms
[09:34:32]   Table 3 Cache: 99.9% hit | demand=3 (0.0/batch) | prefetch_hits=0 | demand_time=57ms
[09:34:32]   Table 9 Cache: 99.9% hit | demand=1 (0.0/batch) | prefetch_hits=0 | demand_time=29ms
[09:34:32]   Table 11 Cache: 99.8% hit | demand=4 (0.0/batch) | prefetch_hits=0 | demand_time=65ms
[09:34:32]   Table 15 Cache: 99.8% hit | demand=4 (0.0/batch) | prefetch_hits=0 | demand_time=73ms
[09:34:32]   Table 20 Cache: 99.8% hit | demand=4 (0.0/batch) | prefetch_hits=0 | demand_time=77ms
[09:34:32]   Table 23 Cache: 99.9% hit | demand=1 (0.0/batch) | prefetch_hits=0 | demand_time=24ms
[09:34:32]   Table 25 Cache: 99.9% hit | demand=1 (0.0/batch) | prefetch_hits=0 | demand_time=25ms
[09:34:32]   GlobalCache: 22/32 frames, 99.8% hit rate, 0 evictions
[09:34:35] 
======================================================================
[09:34:35] GENERATING REPORTS
[09:34:35] ======================================================================
[09:34:35]   Saved: results/ondemand_results.json
[09:34:35] 
# On-Demand Codec Results

Date: 2026-02-25 09:34:35
Baseline AUC: 0.768613, Time: 54.83s

Config                              AUC Time(s)   Hit%    Hot   Cold    LRU   Total  Reduc     RSS    BLat
----------------------------------------------------------------------------------------------------------
1080p_g32_disk_fp32hot         0.768613    52.5 99.8%    87M     0M    44M    260M   7.9x  39884M    8.0ms
1080p_g32_disk_q8hot           0.768619    58.5 99.8%    22M     0M    44M    194M  10.6x  39880M    8.1ms
4K_g8_disk_fp32hot             0.768613    63.4 99.9%    87M     0M    63M    279M   7.4x  39876M    8.2ms
4K_g8_disk_q8hot               0.768619    63.0 99.9%    22M     0M    63M    214M   9.6x  39744M    7.9ms
A_baseline                     0.768613    54.8  0.0%  2061M     0M     0M   2061M   1.0x  41274M    4.6ms
[09:34:35] 
  Saved: results/ondemand_results.md
[09:34:35] 
======================================================================
[09:34:35] ALL ON-DEMAND EXPERIMENTS COMPLETE
[09:34:35] ======================================================================
[09:34:35] Final RSS: 41609MB
