Loading model and data...
Unable to import mlperf_logging,  No module named 'mlperf_logging'
Unable to import onnx.  No module named 'onnx'
[17:37:38] Loading dataset...
Reading pre-processed data=/home/cc/input/kaggleAdDisplayChallenge_processed.npz
Sparse fea = 26, Dense fea = 13
Defined train indices...
Randomized indices across days ...
Split data according to indices...
Reading pre-processed data=/home/cc/input/kaggleAdDisplayChallenge_processed.npz
Sparse fea = 26, Dense fea = 13
Defined test indices...
Randomized indices across days ...
Split data according to indices...
[17:39:45] Loading checkpoint...
[17:39:46] Model loaded: 26 tables, emb_dim=16

======================================================================
DECODE SPEED BENCHMARK (1920x1080, same frame)
======================================================================

  h265_lossless                  | avg=4.43ms p50=4.35ms | 139KB (14.6x) | MSE=0.000000 maxerr=0.0000 | enc=55ms
  h265_crf10                     | avg=2.77ms p50=2.73ms | 30KB (66.5x) | MSE=0.000000 maxerr=0.0054 | enc=62ms
  h265_crf18                     | avg=2.27ms p50=2.25ms | 7KB (276.7x) | MSE=0.000000 maxerr=0.0129 | enc=56ms
  h265_crf23                     | avg=2.03ms p50=2.00ms | 6KB (339.9x) | MSE=0.000000 maxerr=0.0225 | enc=50ms
  h265_crf28                     | avg=2.06ms p50=1.98ms | 6KB (351.4x) | MSE=0.000000 maxerr=0.0333 | enc=42ms
  h264_lossless                  | avg=16.67ms p50=16.59ms | 160KB (12.7x) | MSE=0.000000 maxerr=0.0000 | enc=19ms
  h264_crf18                     | avg=3.32ms p50=3.31ms | 10KB (202.9x) | MSE=0.000000 maxerr=0.0054 | enc=10ms
  h264_crf28                     | avg=2.99ms p50=2.98ms | 7KB (277.6x) | MSE=0.000000 maxerr=0.0139 | enc=10ms
  ffv1_lossless                  | avg=28.47ms p50=28.23ms | 188KB (10.7x) | MSE=0.000000 maxerr=0.0000 | enc=107ms
  h265_lossless_wpp0             | avg=24.04ms p50=24.03ms | 139KB (14.6x) | MSE=0.000000 maxerr=0.0000 | enc=207ms
  h265_lossless_wpp1             | avg=4.35ms p50=4.33ms | 139KB (14.6x) | MSE=0.000000 maxerr=0.0000 | enc=69ms
  h265_crf18_wpp1                | avg=2.15ms p50=2.13ms | 7KB (276.7x) | MSE=0.000000 maxerr=0.0129 | enc=36ms

--- Real production .h265 files (existing on disk) ---
  frame_00000.h265: avg=4.51ms, 56KB
  frame_00001.h265: avg=3.07ms, 49KB
  frame_00002.h265: avg=4.22ms, 143KB
  frame_00003.h265: avg=3.61ms, 78KB
  frame_00004.h265: avg=3.63ms, 100KB
  frame_00005.h265: avg=3.58ms, 100KB
  frame_00006.h265: avg=3.59ms, 97KB
  frame_00007.h265: avg=3.53ms, 94KB
  frame_00008.h265: avg=3.59ms, 93KB
  frame_00009.h265: avg=3.48ms, 91KB
  frame_00010.h265: avg=3.59ms, 90KB
  frame_00011.h265: avg=3.47ms, 89KB
  frame_00012.h265: avg=3.47ms, 87KB
  frame_00013.h265: avg=3.51ms, 89KB
  frame_00014.h265: avg=3.44ms, 88KB
  frame_00015.h265: avg=3.33ms, 87KB
  frame_00016.h265: avg=3.44ms, 86KB
  frame_00017.h265: avg=3.29ms, 86KB
  frame_00018.h265: avg=3.20ms, 85KB
  frame_00019.h265: avg=3.23ms, 84KB
  frame_00020.h265: avg=3.25ms, 83KB
  frame_00021.h265: avg=3.23ms, 82KB
  frame_00022.h265: avg=3.17ms, 82KB
  frame_00023.h265: avg=3.10ms, 81KB
  frame_00024.h265: avg=3.14ms, 85KB
  frame_00025.h265: avg=3.12ms, 81KB
  frame_00026.h265: avg=3.10ms, 81KB
  frame_00027.h265: avg=3.12ms, 80KB
  frame_00028.h265: avg=3.13ms, 80KB
  frame_00029.h265: avg=3.09ms, 79KB
  frame_00030.h265: avg=3.08ms, 78KB
  frame_00031.h265: avg=3.09ms, 76KB
  frame_00032.h265: avg=3.05ms, 76KB
  frame_00033.h265: avg=3.07ms, 75KB
  frame_00034.h265: avg=3.22ms, 76KB
  frame_00035.h265: avg=3.18ms, 78KB
  frame_00036.h265: avg=3.19ms, 79KB
  frame_00037.h265: avg=3.15ms, 78KB
  frame_00038.h265: avg=3.12ms, 77KB
  frame_00039.h265: avg=3.13ms, 77KB
  frame_00040.h265: avg=3.12ms, 78KB
  frame_00041.h265: avg=3.11ms, 77KB
  frame_00042.h265: avg=3.07ms, 75KB
  frame_00043.h265: avg=3.06ms, 74KB
  frame_00044.h265: avg=3.06ms, 73KB
  frame_00045.h265: avg=3.09ms, 73KB
  frame_00046.h265: avg=3.10ms, 74KB
  frame_00047.h265: avg=3.13ms, 78KB
  frame_00048.h265: avg=3.07ms, 75KB
  frame_00049.h265: avg=3.09ms, 75KB
  frame_00050.h265: avg=3.18ms, 75KB
  frame_00051.h265: avg=3.09ms, 75KB
  frame_00052.h265: avg=3.11ms, 75KB
  frame_00053.h265: avg=3.18ms, 73KB
  frame_00054.h265: avg=3.04ms, 72KB
  frame_00055.h265: avg=3.04ms, 71KB
  frame_00056.h265: avg=3.02ms, 72KB
  frame_00057.h265: avg=3.05ms, 72KB
  frame_00058.h265: avg=3.07ms, 74KB
  frame_00059.h265: avg=3.13ms, 73KB
  frame_00060.h265: avg=3.04ms, 72KB
  frame_00061.h265: avg=3.01ms, 70KB
  frame_00062.h265: avg=3.07ms, 70KB
  frame_00063.h265: avg=3.03ms, 70KB
  frame_00064.h265: avg=2.99ms, 69KB
  frame_00065.h265: avg=2.94ms, 68KB
  frame_00066.h265: avg=2.98ms, 68KB
  frame_00067.h265: avg=3.34ms, 99KB
  frame_00068.h265: avg=3.53ms, 118KB
  frame_00069.h265: avg=2.83ms, 40KB
  frame_00070.h265: avg=1.93ms, 6KB
  frame_00071.h265: avg=1.89ms, 6KB
  frame_00072.h265: avg=1.92ms, 6KB
  frame_00073.h265: avg=1.80ms, 6KB
  frame_00074.h265: avg=1.94ms, 9KB

======================================================================
SORTED BY DECODE TIME
======================================================================
  h265_crf23                       2.03ms (2.18x) |      6KB | MSE=0.000000
  h265_crf28                       2.06ms (2.15x) |      6KB | MSE=0.000000
  h265_crf18_wpp1                  2.15ms (2.06x) |      7KB | MSE=0.000000
  h265_crf18                       2.27ms (1.95x) |      7KB | MSE=0.000000
  h265_crf10                       2.77ms (1.60x) |     30KB | MSE=0.000000
  h264_crf28                       2.99ms (1.48x) |      7KB | MSE=0.000000
  h264_crf18                       3.32ms (1.33x) |     10KB | MSE=0.000000
  h265_lossless_wpp1               4.35ms (1.02x) |    139KB | MSE=0.000000
  h265_lossless                    4.43ms (1.00x) |    139KB | MSE=0.000000
  h264_lossless                   16.67ms (0.27x) |    160KB | MSE=0.000000
  h265_lossless_wpp0              24.04ms (0.18x) |    139KB | MSE=0.000000
  ffv1_lossless                   28.47ms (0.16x) |    188KB | MSE=0.000000
