Loading model and data...
Unable to import mlperf_logging,  No module named 'mlperf_logging'
Unable to import onnx.  No module named 'onnx'
[17:33:01] Loading dataset...
Reading pre-processed data=/home/cc/input/kaggleAdDisplayChallenge_processed.npz
Sparse fea = 26, Dense fea = 13
Defined train indices...
Randomized indices across days ...
Split data according to indices...
Reading pre-processed data=/home/cc/input/kaggleAdDisplayChallenge_processed.npz
Sparse fea = 26, Dense fea = 13
Defined test indices...
Randomized indices across days ...
Split data according to indices...
[17:35:08] Loading checkpoint...
[17:35:09] Model loaded: 26 tables, emb_dim=16
Prepared frame: 1920x1080, 129600 rows, data range [53, 118]

======================================================================
TEST 1: H.265 CRF sweep (lossless vs lossy)
======================================================================

--- h265_lossless ---
  Decode: avg=4.57ms, p50=4.56ms, file=139KB, ratio=14.6x, MSE=0.0000, max_err=0.0000

--- h265_crf10 ---
  Decode: avg=2.89ms, p50=2.90ms, file=30KB, ratio=66.5x, MSE=0.0000, max_err=0.0054

--- h265_crf18 ---
  Decode: avg=2.14ms, p50=2.15ms, file=7KB, ratio=276.7x, MSE=0.0000, max_err=0.0129

--- h265_crf23 ---
  Decode: avg=2.23ms, p50=2.22ms, file=6KB, ratio=339.9x, MSE=0.0000, max_err=0.0225

--- h265_crf28 ---
  Decode: avg=2.28ms, p50=2.32ms, file=6KB, ratio=351.4x, MSE=0.0000, max_err=0.0333

--- h265_crf35 ---
  Decode: avg=2.13ms, p50=2.09ms, file=6KB, ratio=353.1x, MSE=0.0000, max_err=0.0365

======================================================================
TEST 2: H.265 lossless with different slice counts
======================================================================

--- h265_lossless_slices1 ---
  Decode: avg=4.56ms, p50=4.48ms, file=139KB, ratio=14.6x

--- h265_lossless_slices2 ---
  Decode: avg=5.30ms, p50=5.31ms, file=140KB, ratio=14.5x

--- h265_lossless_slices4 ---
  Decode: avg=6.74ms, p50=6.76ms, file=140KB, ratio=14.4x

--- h265_lossless_slices8 ---
  Decode: avg=10.32ms, p50=10.35ms, file=142KB, ratio=14.3x

--- h265_lossless_slices16 ---
free(): invalid pointer
