Unable to import mlperf_logging,  No module named 'mlperf_logging'
Unable to import onnx.  No module named 'onnx'
[03:24:54] Loading dataset...
Reading pre-processed data=/home/cc/input/kaggleAdDisplayChallenge_processed.npz
Sparse fea = 26, Dense fea = 13
Defined train indices...
Randomized indices across days ...
Split data according to indices...
Reading pre-processed data=/home/cc/input/kaggleAdDisplayChallenge_processed.npz
Sparse fea = 26, Dense fea = 13
Defined test indices...
Randomized indices across days ...
Split data according to indices...
[03:27:06] Loading checkpoint...
[03:27:07] Model loaded: 26 tables, emb_dim=16
[03:27:12] 
============================================================
[03:27:12] BASELINE (fp32, all in memory)
[03:27:12] ============================================================
/home/cc/expr/dlrm_minrui/dlrm_data_pytorch.py:328: UserWarning: Creating a tensor from a list of numpy.ndarrays is extremely slow. Please consider converting the list to a single numpy.ndarray with numpy.array() before converting to a tensor. (Triggered internally at /pytorch/torch/csrc/utils/tensor_new.cpp:253.)
  X_int = torch.log(torch.tensor(transposed_data[0], dtype=torch.float) + 1)
[03:27:58]   AUC=0.802497, BLat=6.40ms, Total=44.5s, RSS=19476MB
[03:27:58] 
============================================================
[03:27:58] QUANTIZED uint8 (all in memory, no compression)
[03:27:58] ============================================================
[03:28:47]   AUC=0.802481 (delta=-0.000016), BLat=6.62ms, Total=46.9s, RSS=18052MB
[03:28:47] 
============================================================
[03:28:47] MMAP uint8 (memory-mapped quantized embeddings)
[03:28:47] ============================================================
[03:28:48]   Table 2: 10,131,227 rows, 162.1MB uint8
[03:28:48]   Table 3: 2,202,608 rows, 35.2MB uint8
[03:28:48]   Table 9: 93,145 rows, 1.5MB uint8
[03:28:48]   Table 11: 8,351,593 rows, 133.6MB uint8
[03:28:48]   Table 15: 5,461,306 rows, 87.4MB uint8
[03:28:48]   Table 20: 7,046,547 rows, 112.7MB uint8
[03:28:48]   Table 23: 286,181 rows, 4.6MB uint8
[03:28:48]   Table 25: 142,572 rows, 2.3MB uint8
[03:28:48]   Total: fp32=2158MB, uint8=539MB, ratio=4.0x
sh: 1: cannot create /proc/sys/vm/drop_caches: Permission denied
[03:28:51]   RSS after mmap load: 17769MB
[03:29:32]   AUC=0.802481 (delta=-0.000016), BLat=5.72ms, Total=39.3s, RSS=17769MB
[03:29:32] 
============================================================
[03:29:32] SUMMARY
[03:29:32] ============================================================

[03:29:32]   Config                    |        AUC |      Delta |     BLat |   Total |     RSS
[03:29:32]   ---------------------------------------------------------------------------
[03:29:32]   baseline                  |   0.802497 |        --- |   6.40ms |  44.5s | 19476MB
[03:29:32]   uint8_dequant             |   0.802481 |  -0.000016 |   6.62ms |  46.9s | 18052MB
[03:29:32]   mmap_uint8                |   0.802481 |  -0.000016 |   5.72ms |  39.3s | 17769MB
[03:29:32] 
  Key comparison:
[03:29:32]   - mmap approach: 539MB on disk (4x compression from quantization only)
[03:29:32]   - H.265 approach: 53MB on disk (39x compression) + 87MB hot + 84MB mappings = 224MB total
[03:29:32]   - mmap lets OS handle caching automatically — no manual hot/cold split needed
[03:29:32] 
Results saved to results/codec_comparison/mmap_baseline.json
