[05:24:10] Loading model...
[05:24:11] Building cold storage...
[05:28:00] Loading test data...
Unable to import mlperf_logging,  No module named 'mlperf_logging'
Unable to import onnx.  No module named 'onnx'
[05:28:00] Loading dataset...
Reading pre-processed data=/home/cc/input/kaggleAdDisplayChallenge_processed.npz
Sparse fea = 26, Dense fea = 13
Defined train indices...
Randomized indices across days ...
Split data according to indices...
Reading pre-processed data=/home/cc/input/kaggleAdDisplayChallenge_processed.npz
Sparse fea = 26, Dense fea = 13
Defined test indices...
Randomized indices across days ...
Split data according to indices...
[05:30:05] Loading checkpoint...
[05:30:06] Model loaded: 26 tables, emb_dim=16
[05:30:09] Warming up...
/home/cc/expr/dlrm_minrui/dlrm_data_pytorch.py:328: UserWarning: Creating a tensor from a list of numpy.ndarrays is extremely slow. Please consider converting the list to a single numpy.ndarray with numpy.array() before converting to a tensor. (Triggered internally at /pytorch/torch/csrc/utils/tensor_new.cpp:253.)
  X_int = torch.log(torch.tensor(transposed_data[0], dtype=torch.float) + 1)
[05:30:10] Benchmarking overhead breakdown...
[05:30:37] 
============================================================
[05:30:37] OVERHEAD BREAKDOWN (per batch, ms)
[05:30:37] ============================================================
[05:30:37]   1. Build lS_i list       :    30.9 us (p50=30.8 us)
[05:30:37]   2. C++ scan              :   127.0 us (p50=112.8 us)
[05:30:37]   3. Decode (cache miss)   :    59.6 us (p50=14.8 us)
[05:30:37]   4. Build frames list     :    27.2 us (p50=26.9 us)
[05:30:37]   5. C++ gather            :    63.7 us (p50=62.5 us)
[05:30:37]   6. Writeback             :   347.8 us (p50=351.9 us)
[05:30:37]   TOTAL                    :     0.7 us
[05:30:37] 
Saved to results/codec_comparison/overhead_breakdown.json
