[04:29:49] Loading model state dict...
[04:29:50] 
============================================================
[04:29:50] TABLE 2
[04:29:50] ============================================================
[04:29:55]   Rows: 9,633,265 cold / 10,131,227 total (95.1% cold)
[04:29:55]   Raw: 154.1MB
[04:29:55]   Entropy: 0.29 bits/byte (max=8.0)
[04:29:55]   Unique values: 112/256
[04:29:55]   Mean: 88.0, Std: 0.2, ZP: 88
[04:29:55]   Zero-fraction: 0.959
[04:29:55]   Row-to-row diff: 0.08
[04:29:55]   LZ4     : 19.8MB, 7.8x
[04:29:55]   Zstd-3  : 9.3MB, 16.5x
[04:30:50]   Zstd-19 : 6.4MB, 23.9x
[04:30:53]   H.265   : 5.5MB, 27.9x
[04:30:53] 
============================================================
[04:30:53] TABLE 3
[04:30:53] ============================================================
[04:30:54]   Rows: 2,168,208 cold / 2,202,608 total (98.4% cold)
[04:30:54]   Raw: 34.7MB
[04:30:54]   Entropy: 1.33 bits/byte (max=8.0)
[04:30:54]   Unique values: 156/256
[04:30:54]   Mean: 109.0, Std: 0.8, ZP: 109
[04:30:54]   Zero-fraction: 0.707
[04:30:54]   Row-to-row diff: 0.57
[04:30:54]   LZ4     : 16.5MB, 2.1x
[04:30:54]   Zstd-3  : 8.4MB, 4.2x
[04:31:13]   Zstd-19 : 6.2MB, 5.6x
[04:31:15]   H.265   : 5.8MB, 6.0x
[04:31:15] 
============================================================
[04:31:15] TABLE 9
[04:31:15] ============================================================
[04:31:15]   Rows: 88,486 cold / 93,145 total (95.0% cold)
[04:31:15]   Raw: 1.4MB
[04:31:15]   Entropy: 3.91 bits/byte (max=8.0)
[04:31:15]   Unique values: 195/256
[04:31:15]   Mean: 158.1, Std: 4.3, ZP: 158
[04:31:15]   Zero-fraction: 0.089
[04:31:15]   Row-to-row diff: 4.30
[04:31:15]   LZ4     : 1.4MB, 1.0x
[04:31:15]   Zstd-3  : 0.7MB, 1.9x
[04:31:15]   Zstd-19 : 0.7MB, 2.0x
[04:31:15]   H.265   : 0.7MB, 1.9x
[04:31:15] 
============================================================
[04:31:15] TABLE 11
[04:31:15] ============================================================
[04:31:20]   Rows: 7,965,378 cold / 8,351,593 total (95.4% cold)
[04:31:20]   Raw: 127.4MB
[04:31:20]   Entropy: 0.69 bits/byte (max=8.0)
[04:31:20]   Unique values: 143/256
[04:31:20]   Mean: 158.0, Std: 0.4, ZP: 158
[04:31:20]   Zero-fraction: 0.886
[04:31:20]   Row-to-row diff: 0.23
[04:31:20]   LZ4     : 33.6MB, 3.8x
[04:31:20]   Zstd-3  : 16.7MB, 7.6x
[04:32:17]   Zstd-19 : 10.7MB, 11.9x
[04:32:21]   H.265   : 10.6MB, 12.0x
[04:32:21] 
============================================================
[04:32:21] TABLE 15
[04:32:21] ============================================================
[04:32:24]   Rows: 5,267,563 cold / 5,461,306 total (96.5% cold)
[04:32:24]   Raw: 84.3MB
[04:32:24]   Entropy: 0.79 bits/byte (max=8.0)
[04:32:24]   Unique values: 144/256
[04:32:24]   Mean: 117.0, Std: 0.5, ZP: 117
[04:32:24]   Zero-fraction: 0.863
[04:32:24]   Row-to-row diff: 0.27
[04:32:24]   LZ4     : 24.8MB, 3.4x
[04:32:24]   Zstd-3  : 12.4MB, 6.8x
[04:33:02]   Zstd-19 : 8.0MB, 10.6x
[04:33:05]   H.265   : 8.0MB, 10.5x
[04:33:05] 
============================================================
[04:33:05] TABLE 20
[04:33:05] ============================================================
[04:33:09]   Rows: 6,741,517 cold / 7,046,547 total (95.7% cold)
[04:33:09]   Raw: 107.9MB
[04:33:09]   Entropy: 1.39 bits/byte (max=8.0)
[04:33:09]   Unique values: 146/256
[04:33:09]   Mean: 129.0, Std: 0.7, ZP: 129
[04:33:09]   Zero-fraction: 0.628
[04:33:09]   Row-to-row diff: 0.63
[04:33:09]   LZ4     : 55.2MB, 2.0x
[04:33:10]   Zstd-3  : 26.6MB, 4.1x
[04:34:08]   Zstd-19 : 20.9MB, 5.2x
[04:34:12]   H.265   : 19.4MB, 5.6x
[04:34:12] 
============================================================
[04:34:12] TABLE 23
[04:34:12] ============================================================
[04:34:12]   Rows: 280,517 cold / 286,181 total (98.0% cold)
[04:34:12]   Raw: 4.5MB
[04:34:12]   Entropy: 2.00 bits/byte (max=8.0)
[04:34:12]   Unique values: 135/256
[04:34:12]   Mean: 197.0, Std: 1.3, ZP: 197
[04:34:12]   Zero-fraction: 0.383
[04:34:12]   Row-to-row diff: 1.10
[04:34:12]   LZ4     : 2.6MB, 1.7x
[04:34:12]   Zstd-3  : 1.4MB, 3.3x
[04:34:14]   Zstd-19 : 1.2MB, 3.7x
[04:34:14]   H.265   : 1.1MB, 3.9x
[04:34:14] 
============================================================
[04:34:14] TABLE 25
[04:34:14] ============================================================
[04:34:14]   Rows: 137,719 cold / 142,572 total (96.6% cold)
[04:34:14]   Raw: 2.2MB
[04:34:14]   Entropy: 2.69 bits/byte (max=8.0)
[04:34:14]   Unique values: 139/256
[04:34:14]   Mean: 126.0, Std: 2.0, ZP: 126
[04:34:14]   Zero-fraction: 0.235
[04:34:14]   Row-to-row diff: 1.79
[04:34:14]   LZ4     : 1.4MB, 1.5x
[04:34:14]   Zstd-3  : 0.9MB, 2.5x
[04:34:15]   Zstd-19 : 0.8MB, 2.9x
[04:34:15]   H.265   : 0.8MB, 2.8x
[04:34:15] 
============================================================
[04:34:15] PER-TABLE SUMMARY
[04:34:15] ============================================================

[04:34:15]    Table |       Rows |     MB |  Entropy |  RowDiff |    LZ4 |  Zstd-19 |   H.265
[04:34:15]   ---------------------------------------------------------------------------
[04:34:15]        2 |  9,633,265 | 154.1 |    0.29b |    0.08 |   7.8x |   23.9x |  27.9x
[04:34:15]        3 |  2,168,208 |  34.7 |    1.33b |    0.57 |   2.1x |    5.6x |   6.0x
[04:34:15]        9 |     88,486 |   1.4 |    3.91b |    4.30 |   1.0x |    2.0x |   1.9x
[04:34:15]       11 |  7,965,378 | 127.4 |    0.69b |    0.23 |   3.8x |   11.9x |  12.0x
[04:34:15]       15 |  5,267,563 |  84.3 |    0.79b |    0.27 |   3.4x |   10.6x |  10.5x
[04:34:15]       20 |  6,741,517 | 107.9 |    1.39b |    0.63 |   2.0x |    5.2x |   5.6x
[04:34:15]       23 |    280,517 |   4.5 |    2.00b |    1.10 |   1.7x |    3.7x |   3.9x
[04:34:15]       25 |    137,719 |   2.2 |    2.69b |    1.79 |   1.5x |    2.9x |   2.8x
[04:34:15] 
  Correlation: entropy vs Zstd-19 ratio:
[04:34:15]     r = -0.763 (lower entropy → better compression)
[04:34:15] 
Results saved to results/codec_comparison/per_table_analysis.json
