[05:45:10] Loading model and data...
Unable to import mlperf_logging,  No module named 'mlperf_logging'
Unable to import onnx.  No module named 'onnx'
[05:45:10] Loading dataset...
Reading pre-processed data=/home/cc/input/kaggleAdDisplayChallenge_processed.npz
Sparse fea = 26, Dense fea = 13
Defined train indices...
Randomized indices across days ...
Split data according to indices...
Reading pre-processed data=/home/cc/input/kaggleAdDisplayChallenge_processed.npz
Sparse fea = 26, Dense fea = 13
Defined test indices...
Randomized indices across days ...
Split data according to indices...
[05:47:16] Loading checkpoint...
[05:47:17] Model loaded: 26 tables, emb_dim=16
[05:47:20] Running baseline...
/home/cc/expr/dlrm_minrui/dlrm_data_pytorch.py:328: UserWarning: Creating a tensor from a list of numpy.ndarrays is extremely slow. Please consider converting the list to a single numpy.ndarray with numpy.array() before converting to a tensor. (Triggered internally at /pytorch/torch/csrc/utils/tensor_new.cpp:253.)
  X_int = torch.log(torch.tensor(transposed_data[0], dtype=torch.float) + 1)
[05:48:01] Baseline: 4.03ms
[05:48:01] Building Zstd-19 storage (cache=4)...
[05:51:49] Running Zstd-19 cache=4...
[05:52:28] Zstd-19 cache=4:
[05:52:28]   AUC=0.802496 (delta=-0.000001)
[05:52:28]   BLat=5.15ms (baseline=4.03ms)
[05:52:28]   Overhead: +28%
[05:52:28]   Scan+scatter=0.62ms/batch
[05:52:28]   Cache: hits=13790, misses=22, rate=0.9984
[05:52:28]   Compressed: 55.0MB
