Unable to import mlperf_logging,  No module named 'mlperf_logging'
Unable to import onnx.  No module named 'onnx'
[04:45:14] Loading dataset...
Reading pre-processed data=/home/cc/input/kaggleAdDisplayChallenge_processed.npz
Sparse fea = 26, Dense fea = 13
Defined train indices...
Randomized indices across days ...
Split data according to indices...
Reading pre-processed data=/home/cc/input/kaggleAdDisplayChallenge_processed.npz
Sparse fea = 26, Dense fea = 13
Defined test indices...
Randomized indices across days ...
Split data according to indices...
[04:47:19] Loading checkpoint...
[04:47:20] Model loaded: 26 tables, emb_dim=16
[04:47:24] 
============================================================
[04:47:25] BASELINE (fp32, all in memory)
[04:47:25] ============================================================
/home/cc/expr/dlrm_minrui/dlrm_data_pytorch.py:328: UserWarning: Creating a tensor from a list of numpy.ndarrays is extremely slow. Please consider converting the list to a single numpy.ndarray with numpy.array() before converting to a tensor. (Triggered internally at /pytorch/torch/csrc/utils/tensor_new.cpp:253.)
  X_int = torch.log(torch.tensor(transposed_data[0], dtype=torch.float) + 1)
[04:48:06]   AUC=0.802497, BLat=4.00ms, Total=39.7s, RSS=19480MB
[04:48:06] 
============================================================
[04:48:06] BUILDING ZSTD COLD STORAGE
[04:48:06] ============================================================
[04:48:59]   Table 2: 9,633,265 cold, 75 frames, compressed=6.4MB (ratio=23.9x)
[04:49:19]   Table 3: 2,168,208 cold, 17 frames, compressed=6.2MB (ratio=5.6x)
[04:49:19]   Table 9: 88,486 cold, 1 frames, compressed=0.7MB (ratio=2.0x)
[04:50:15]   Table 11: 7,965,378 cold, 62 frames, compressed=10.7MB (ratio=11.9x)
[04:50:54]   Table 15: 5,267,563 cold, 41 frames, compressed=8.0MB (ratio=10.6x)
[04:51:52]   Table 20: 6,741,517 cold, 53 frames, compressed=20.9MB (ratio=5.2x)
[04:51:55]   Table 23: 280,517 cold, 3 frames, compressed=1.2MB (ratio=3.7x)
[04:51:56]   Table 25: 137,719 cold, 2 frames, compressed=0.8MB (ratio=2.9x)
[04:51:56] C++ scan_needed_frames available
[04:51:56] 
============================================================
[04:51:56] Zstd-19 + LRU cache=16
[04:51:56] ============================================================
[04:52:35]   AUC=0.802496 (delta=-0.000001)
[04:52:35]   BLat=6.74ms (p50=6.81ms)
[04:52:35]   Total=37.8s
[04:52:35]   Scan (C++ fused)+decode=2.06ms/batch, decode_only=0.011ms/batch
[04:52:35]   Cache: hits=13790, misses=22, rate=0.9984
[04:52:35]   Compressed: 55.0MB
[04:52:35]   RSS=19345MB
[04:52:36] 
============================================================
[04:52:36] Zstd-3 + LRU cache=16
[04:52:36] ============================================================
[04:53:14]   AUC=0.802496 (delta=-0.000001)
[04:53:14]   BLat=6.60ms (p50=6.52ms)
[04:53:14]   Total=37.4s
[04:53:14]   Scan (C++ fused)+decode=1.91ms/batch, decode_only=0.012ms/batch
[04:53:14]   Cache: hits=13790, misses=22, rate=0.9984
[04:53:14]   Compressed: 76.5MB
[04:53:14]   RSS=19404MB
[04:53:15] 
============================================================
[04:53:15] SUMMARY
[04:53:15] ============================================================
[04:53:15]   Baseline: AUC=0.802497, BLat=4.00ms
[04:53:15]   See above for Zstd-19 and Zstd-3 results
