Unable to import mlperf_logging,  No module named 'mlperf_logging'
Unable to import onnx.  No module named 'onnx'
[05:32:52] Loading dataset...
Reading pre-processed data=/home/cc/input/kaggleAdDisplayChallenge_processed.npz
Sparse fea = 26, Dense fea = 13
Defined train indices...
Randomized indices across days ...
Split data according to indices...
Reading pre-processed data=/home/cc/input/kaggleAdDisplayChallenge_processed.npz
Sparse fea = 26, Dense fea = 13
Defined test indices...
Randomized indices across days ...
Split data according to indices...
[05:34:58] Loading checkpoint...
[05:34:59] Model loaded: 26 tables, emb_dim=16
[05:35:03] 
============================================================
[05:35:03] BASELINE (fp32, all in memory)
[05:35:03] ============================================================
/home/cc/expr/dlrm_minrui/dlrm_data_pytorch.py:328: UserWarning: Creating a tensor from a list of numpy.ndarrays is extremely slow. Please consider converting the list to a single numpy.ndarray with numpy.array() before converting to a tensor. (Triggered internally at /pytorch/torch/csrc/utils/tensor_new.cpp:253.)
  X_int = torch.log(torch.tensor(transposed_data[0], dtype=torch.float) + 1)
[05:35:41]   AUC=0.802497, BLat=4.21ms, Total=37.0s, RSS=19477MB
[05:35:41] 
============================================================
[05:35:41] BUILDING ZSTD COLD STORAGE
[05:35:41] ============================================================
[05:36:35]   Table 2: 9,633,265 cold, 75 frames, compressed=6.4MB (ratio=23.9x)
[05:36:55]   Table 3: 2,168,208 cold, 17 frames, compressed=6.2MB (ratio=5.6x)
[05:36:55]   Table 9: 88,486 cold, 1 frames, compressed=0.7MB (ratio=2.0x)
[05:37:51]   Table 11: 7,965,378 cold, 62 frames, compressed=10.7MB (ratio=11.9x)
[05:38:30]   Table 15: 5,267,563 cold, 41 frames, compressed=8.0MB (ratio=10.6x)
[05:39:29]   Table 20: 6,741,517 cold, 53 frames, compressed=20.9MB (ratio=5.2x)
[05:39:32]   Table 23: 280,517 cold, 3 frames, compressed=1.2MB (ratio=3.7x)
[05:39:33]   Table 25: 137,719 cold, 2 frames, compressed=0.8MB (ratio=2.9x)
[05:39:33] C++ scan_needed_frames available
[05:39:33] 
============================================================
[05:39:33] Zstd-19 + LRU cache=16
[05:39:33] ============================================================
[05:40:10]   AUC=0.802496 (delta=-0.000001)
[05:40:10]   BLat=5.35ms (p50=5.28ms)
[05:40:10]   Total=35.4s
[05:40:10]   Scan (C++ fused scan+gather)+decode=0.74ms/batch, decode_only=0.088ms/batch
[05:40:10]   Cache: hits=13790, misses=22, rate=0.9984
[05:40:10]   Compressed: 55.0MB
[05:40:10]   RSS=19327MB
[05:40:10] 
============================================================
[05:40:10] Zstd-3 + LRU cache=16
[05:40:10] ============================================================
[05:40:47]   AUC=0.802496 (delta=-0.000001)
[05:40:47]   BLat=5.55ms (p50=5.43ms)
[05:40:47]   Total=35.7s
[05:40:47]   Scan (C++ fused scan+gather)+decode=0.94ms/batch, decode_only=0.100ms/batch
[05:40:47]   Cache: hits=13790, misses=22, rate=0.9984
[05:40:47]   Compressed: 76.5MB
[05:40:47]   RSS=19487MB
[05:40:47] 
============================================================
[05:40:47] SUMMARY
[05:40:47] ============================================================
[05:40:47]   Baseline: AUC=0.802497, BLat=4.21ms
[05:40:47]   See above for Zstd-19 and Zstd-3 results
